{"file": "10ms_5msLoad.SVDat", "bytes": 875412, "sha256": "6dfa428bb9c63988306a98d98d6f551ee6c988ff1dca3ea07a7977a4b78dc2db", "events": 113674, "segments": 6, "header": ";\r\n; Version      SEGGER SystemView V4.10b\r\n; RecordTime   05 Eki 2026 22:50:57\r\n; Author       Asus\r\n; Title        \r\n; Description  \r\n; Offset Core0 0\r\n;\r\n", "counts": {"10": 6, "24": 6, "13": 6, "14": 12, "9": 30, "21": 30, "27": 6, "7": 23852, "17": 16295, "6": 23822, "4": 23829, "90": 7544, "92": 17565, "96": 144, "2": 261, "18": 114, "3": 147, "11": 5}}
SEG 0 n 28194 seconds 19.596986699074073 last 17 counts {10: 1, 24: 1, 13: 1, 14: 2, 9: 5, 21: 5, 27: 1, 7: 5991, 17: 3993, 6: 5986, 4: 5987, 90: 1997, 92: 4033, 96: 39, 2: 76, 18: 37, 3: 39}
SEG 1 n 23192 seconds 17.795366314814814 last 11 counts {10: 1, 24: 1, 13: 1, 14: 2, 9: 5, 21: 5, 27: 1, 7: 4862, 17: 3309, 6: 4857, 4: 4860, 90: 1557, 92: 3444, 2: 114, 96: 58, 18: 54, 3: 60, 11: 1}
SEG 2 n 4899 seconds 16.117043518518518 last 11 counts {10: 1, 24: 1, 13: 1, 14: 2, 9: 5, 21: 5, 27: 1, 7: 811, 17: 807, 6: 806, 4: 806, 92: 1612, 2: 20, 3: 20, 11: 1}
SEG 3 n 20576 seconds 18.06595874537037 last 11 counts {10: 1, 24: 1, 13: 1, 14: 2, 9: 5, 21: 5, 27: 1, 7: 4329, 17: 2957, 6: 4324, 4: 4326, 92: 3200, 96: 16, 90: 1367, 2: 20, 3: 16, 18: 4, 11: 1}
SEG 4 n 19630 seconds 13.836456236111111 last 11 counts {10: 1, 24: 1, 13: 1, 14: 2, 9: 5, 21: 5, 27: 1, 7: 4192, 17: 2790, 6: 4187, 4: 4188, 90: 1399, 92: 2812, 2: 15, 96: 15, 18: 10, 3: 5, 11: 1}
SEG 5 n 17183 seconds 12.078894189814815 last 11 counts {10: 1, 24: 1, 13: 1, 14: 2, 9: 5, 21: 5, 27: 1, 7: 3667, 17: 2439, 6: 3662, 4: 3662, 90: 1224, 92: 2464, 2: 16, 96: 16, 3: 7, 18: 9, 11: 1}
{"file": "10ms_NoLoad.SVDat", "bytes": 1327309, "sha256": "5abd94c81a8f8ee78a800e35ef2438fb77f70aab34e70666ddc7299594e5eb18", "events": 172652, "segments": 9, "header": ";\r\n; Version      SEGGER SystemView V4.10b\r\n; RecordTime   05 Eki 2026 22:53:07\r\n; Author       Asus\r\n; Title        \r\n; Description  \r\n; Offset Core0 0\r\n;\r\n", "counts": {"10": 9, "24": 9, "13": 9, "14": 18, "9": 45, "21": 45, "27": 9, "7": 36415, "17": 24686, "6": 36371, "4": 36380, "90": 11710, "92": 26087, "96": 207, "2": 322, "18": 160, "3": 162, "11": 8}}
SEG 0 n 28194 seconds 19.596986699074073 last 17 counts {10: 1, 24: 1, 13: 1, 14: 2, 9: 5, 21: 5, 27: 1, 7: 5991, 17: 3993, 6: 5986, 4: 5987, 90: 1997, 92: 4033, 96: 39, 2: 76, 18: 37, 3: 39}
SEG 1 n 23192 seconds 17.795366314814814 last 11 counts {10: 1, 24: 1, 13: 1, 14: 2, 9: 5, 21: 5, 27: 1, 7: 4862, 17: 3309, 6: 4857, 4: 4860, 90: 1557, 92: 3444, 2: 114, 96: 58, 18: 54, 3: 60, 11: 1}
SEG 2 n 4899 seconds 16.117043518518518 last 11 counts {10: 1, 24: 1, 13: 1, 14: 2, 9: 5, 21: 5, 27: 1, 7: 811, 17: 807, 6: 806, 4: 806, 92: 1612, 2: 20, 3: 20, 11: 1}
SEG 3 n 20576 seconds 18.06595874537037 last 11 counts {10: 1, 24: 1, 13: 1, 14: 2, 9: 5, 21: 5, 27: 1, 7: 4329, 17: 2957, 6: 4324, 4: 4326, 92: 3200, 96: 16, 90: 1367, 2: 20, 3: 16, 18: 4, 11: 1}
SEG 4 n 19630 seconds 13.836456236111111 last 11 counts {10: 1, 24: 1, 13: 1, 14: 2, 9: 5, 21: 5, 27: 1, 7: 4192, 17: 2790, 6: 4187, 4: 4188, 90: 1399, 92: 2812, 2: 15, 96: 15, 18: 10, 3: 5, 11: 1}
SEG 5 n 17183 seconds 12.078894189814815 last 11 counts {10: 1, 24: 1, 13: 1, 14: 2, 9: 5, 21: 5, 27: 1, 7: 3667, 17: 2439, 6: 3662, 4: 3662, 90: 1224, 92: 2464, 2: 16, 96: 16, 3: 7, 18: 9, 11: 1}
SEG 6 n 18883 seconds 13.180054148148148 last 11 counts {10: 1, 24: 1, 13: 1, 14: 2, 9: 5, 21: 5, 27: 1, 7: 4023, 17: 2676, 6: 4018, 4: 4020, 90: 1343, 92: 2711, 2: 25, 96: 25, 18: 17, 3: 8, 11: 1}
SEG 7 n 25856 seconds 18.212576055555555 last 11 counts {10: 1, 24: 1, 13: 1, 14: 2, 9: 5, 21: 5, 27: 1, 7: 5520, 6: 5516, 4: 5516, 90: 1843, 92: 3706, 17: 3675, 2: 21, 96: 21, 18: 14, 3: 7, 11: 1}
SEG 8 n 14239 seconds 10.939991291666667 last 11 counts {10: 1, 24: 1, 13: 1, 14: 2, 9: 5, 21: 5, 27: 1, 7: 3020, 17: 2040, 6: 3015, 4: 3015, 90: 980, 92: 2105, 2: 15, 96: 17, 18: 15, 11: 1}
{"file": "10ms_2msLoad.SVDat", "bytes": 1475053, "sha256": "5681983d192135bc4d7f364825771d64b047ae6b51c977134ea0d38e2a37d4c1", "events": 191946, "segments": 10, "header": ";\r\n; Version      SEGGER SystemView V4.10b\r\n; RecordTime   05 Eki 2026 22:53:40\r\n; Author       Asus\r\n; Title        \r\n; Description  \r\n; Offset Core0 0\r\n;\r\n", "counts": {"10": 10, "24": 10, "13": 10, "14": 20, "9": 50, "21": 50, "27": 10, "7": 40531, "17": 27425, "6": 40483, "4": 40492, "90": 13083, "92": 28852, "96": 227, "2": 342, "18": 175, "3": 167, "11": 9}}
SEG 0 n 28194 seconds 19.596986699074073 last 17 counts {10: 1, 24: 1, 13: 1, 14: 2, 9: 5, 21: 5, 27: 1, 7: 5991, 17: 3993, 6: 5986, 4: 5987, 90: 1997, 92: 4033, 96: 39, 2: 76, 18: 37, 3: 39}
SEG 1 n 23192 seconds 17.795366314814814 last 11 counts {10: 1, 24: 1, 13: 1, 14: 2, 9: 5, 21: 5, 27: 1, 7: 4862, 17: 3309, 6: 4857, 4: 4860, 90: 1557, 92: 3444, 2: 114, 96: 58, 18: 54, 3: 60, 11: 1}
SEG 2 n 4899 seconds 16.117043518518518 last 11 counts {10: 1, 24: 1, 13: 1, 14: 2, 9: 5, 21: 5, 27: 1, 7: 811, 17: 807, 6: 806, 4: 806, 92: 1612, 2: 20, 3: 20, 11: 1}
SEG 3 n 20576 seconds 18.06595874537037 last 11 counts {10: 1, 24: 1, 13: 1, 14: 2, 9: 5, 21: 5, 27: 1, 7: 4329, 17: 2957, 6: 4324, 4: 4326, 92: 3200, 96: 16, 90: 1367, 2: 20, 3: 16, 18: 4, 11: 1}
SEG 4 n 19630 seconds 13.836456236111111 last 11 counts {10: 1, 24: 1, 13: 1, 14: 2, 9: 5, 21: 5, 27: 1, 7: 4192, 17: 2790, 6: 4187, 4: 4188, 90: 1399, 92: 2812, 2: 15, 96: 15, 18: 10, 3: 5, 11: 1}
SEG 5 n 17183 seconds 12.078894189814815 last 11 counts {10: 1, 24: 1, 13: 1, 14: 2, 9: 5, 21: 5, 27: 1, 7: 3667, 17: 2439, 6: 3662, 4: 3662, 90: 1224, 92: 2464, 2: 16, 96: 16, 3: 7, 18: 9, 11: 1}
SEG 6 n 18883 seconds 13.180054148148148 last 11 counts {10: 1, 24: 1, 13: 1, 14: 2, 9: 5, 21: 5, 27: 1, 7: 4023, 17: 2676, 6: 4018, 4: 4020, 90: 1343, 92: 2711, 2: 25, 96: 25, 18: 17, 3: 8, 11: 1}
SEG 7 n 25856 seconds 18.212576055555555 last 11 counts {10: 1, 24: 1, 13: 1, 14: 2, 9: 5, 21: 5, 27: 1, 7: 5520, 6: 5516, 4: 5516, 90: 1843, 92: 3706, 17: 3675, 2: 21, 96: 21, 18: 14, 3: 7, 11: 1}
SEG 8 n 14239 seconds 10.939991291666667 last 11 counts {10: 1, 24: 1, 13: 1, 14: 2, 9: 5, 21: 5, 27: 1, 7: 3020, 17: 2040, 6: 3015, 4: 3015, 90: 980, 92: 2105, 2: 15, 96: 17, 18: 15, 11: 1}
SEG 9 n 19294 seconds 13.521382180555555 last 11 counts {10: 1, 24: 1, 13: 1, 14: 2, 9: 5, 21: 5, 27: 1, 7: 4116, 6: 4112, 4: 4112, 90: 1373, 92: 2765, 17: 2739, 2: 20, 96: 20, 18: 15, 3: 5, 11: 1}
PREFIX 10ms_5msLoad.SVDat 10ms_NoLoad.SVDat True
PREFIX 10ms_NoLoad.SVDat 10ms_2msLoad.SVDat True
