../Core/Src/app_ring_buffer.c:12:6:RingBuffer_Init	8	static
../Core/Src/app_ring_buffer.c:19:6:RingBuffer_ResetForScenario	8	static
../Core/Src/app_ring_buffer.c:28:10:RingBuffer_Alloc	48	static,ignoring_inline_asm
../Core/Src/app_ring_buffer.c:53:23:slot_for	24	static
../Core/Src/app_ring_buffer.c:67:6:RingBuffer_SetT1T2	32	static
../Core/Src/app_ring_buffer.c:79:6:RingBuffer_SetT3	24	static
../Core/Src/app_ring_buffer.c:90:6:RingBuffer_CloseSuccess	24	static
../Core/Src/app_ring_buffer.c:109:6:RingBuffer_CloseDropIsr	40	static,ignoring_inline_asm
../Core/Src/app_ring_buffer.c:120:13:close_with	32	static
../Core/Src/app_ring_buffer.c:132:6:RingBuffer_CloseDropTx	16	static
../Core/Src/app_ring_buffer.c:137:6:RingBuffer_CloseTxErr	16	static
../Core/Src/app_ring_buffer.c:142:6:RingBuffer_CloseTimeout	16	static
../Core/Src/app_ring_buffer.c:147:16:RingBuffer_GetCounters	72	static
../Core/Src/app_ring_buffer.c:156:13:inc_counter	16	static
../Core/Src/app_ring_buffer.c:163:6:RingBuffer_IncCmdCrcErr	8	static
../Core/Src/app_ring_buffer.c:164:6:RingBuffer_IncTelDrop	8	static
../Core/Src/app_ring_buffer.c:165:6:RingBuffer_IncTelTxFail	8	static
../Core/Src/app_ring_buffer.c:167:6:RingBuffer_DumpNext	40	static
