../Drivers/CMSIS/Include/core_cm7.h:2229:22:SCB_EnableICache	4	static,ignoring_inline_asm
../Core/Src/main.c:79:5:main	8	static
../Core/Src/main.c:166:6:SystemClock_Config	88	static
../Core/Src/main.c:227:13:MX_USART1_UART_Init	8	static
../Core/Src/main.c:260:13:MX_DMA_Init	16	static
../Core/Src/main.c:278:13:MX_GPIO_Init	48	static
../Core/Src/main.c:316:6:StartDefaultTask	16	static
../Core/Src/main.c:335:6:HAL_TIM_PeriodElapsedCallback	16	static
../Core/Src/main.c:352:6:Error_Handler	4	static,ignoring_inline_asm
