../Core/Src/stm32f7xx_it.c:72:6:NMI_Handler	4	static
../Core/Src/stm32f7xx_it.c:87:6:HardFault_Handler	4	static
../Core/Src/stm32f7xx_it.c:102:6:MemManage_Handler	4	static
../Core/Src/stm32f7xx_it.c:117:6:BusFault_Handler	4	static
../Core/Src/stm32f7xx_it.c:132:6:UsageFault_Handler	4	static
../Core/Src/stm32f7xx_it.c:147:6:DebugMon_Handler	4	static
../Core/Src/stm32f7xx_it.c:167:6:RCC_IRQHandler	4	static
../Core/Src/stm32f7xx_it.c:180:6:USART1_IRQHandler	8	static
../Core/Src/stm32f7xx_it.c:194:6:EXTI15_10_IRQHandler	8	static
../Core/Src/stm32f7xx_it.c:208:6:TIM6_DAC_IRQHandler	8	static
../Core/Src/stm32f7xx_it.c:222:6:DMA2_Stream7_IRQHandler	8	static
