Archive member included to satisfy reference by file (symbol)

C:/ST/STM32CubeIDE_1.16.0/STM32CubeIDE/plugins/com.st.stm32cube.ide.mcu.externaltools.gnu-tools-for-stm32.12.3.rel1.win32_1.0.200.202406191623/tools/bin/../lib/gcc/arm-none-eabi/12.3.1/../../../../arm-none-eabi/lib/thumb/v7e-m+fp/hard\libc_nano.a(libc_a-exit.o)
                              C:/ST/STM32CubeIDE_1.16.0/STM32CubeIDE/plugins/com.st.stm32cube.ide.mcu.externaltools.gnu-tools-for-stm32.12.3.rel1.win32_1.0.200.202406191623/tools/bin/../lib/gcc/arm-none-eabi/12.3.1/../../../../arm-none-eabi/lib/thumb/v7e-m+fp/hard/crt0.o (exit)
C:/ST/STM32CubeIDE_1.16.0/STM32CubeIDE/plugins/com.st.stm32cube.ide.mcu.externaltools.gnu-tools-for-stm32.12.3.rel1.win32_1.0.200.202406191623/tools/bin/../lib/gcc/arm-none-eabi/12.3.1/../../../../arm-none-eabi/lib/thumb/v7e-m+fp/hard\libc_nano.a(libc_a-findfp.o)
                              ./Middlewares/Third_Party/FreeRTOS/Source/tasks.o (__sf)
C:/ST/STM32CubeIDE_1.16.0/STM32CubeIDE/plugins/com.st.stm32cube.ide.mcu.externaltools.gnu-tools-for-stm32.12.3.rel1.win32_1.0.200.202406191623/tools/bin/../lib/gcc/arm-none-eabi/12.3.1/../../../../arm-none-eabi/lib/thumb/v7e-m+fp/hard\libc_nano.a(libc_a-fwalk.o)
                              C:/ST/STM32CubeIDE_1.16.0/STM32CubeIDE/plugins/com.st.stm32cube.ide.mcu.externaltools.gnu-tools-for-stm32.12.3.rel1.win32_1.0.200.202406191623/tools/bin/../lib/gcc/arm-none-eabi/12.3.1/../../../../arm-none-eabi/lib/thumb/v7e-m+fp/hard\libc_nano.a(libc_a-findfp.o) (_fwalk_sglue)
C:/ST/STM32CubeIDE_1.16.0/STM32CubeIDE/plugins/com.st.stm32cube.ide.mcu.externaltools.gnu-tools-for-stm32.12.3.rel1.win32_1.0.200.202406191623/tools/bin/../lib/gcc/arm-none-eabi/12.3.1/../../../../arm-none-eabi/lib/thumb/v7e-m+fp/hard\libc_nano.a(libc_a-snprintf.o)
                              ./Core/Src/app_protocol.o (snprintf)
C:/ST/STM32CubeIDE_1.16.0/STM32CubeIDE/plugins/com.st.stm32cube.ide.mcu.externaltools.gnu-tools-for-stm32.12.3.rel1.win32_1.0.200.202406191623/tools/bin/../lib/gcc/arm-none-eabi/12.3.1/../../../../arm-none-eabi/lib/thumb/v7e-m+fp/hard\libc_nano.a(libc_a-stdio.o)
                              C:/ST/STM32CubeIDE_1.16.0/STM32CubeIDE/plugins/com.st.stm32cube.ide.mcu.externaltools.gnu-tools-for-stm32.12.3.rel1.win32_1.0.200.202406191623/tools/bin/../lib/gcc/arm-none-eabi/12.3.1/../../../../arm-none-eabi/lib/thumb/v7e-m+fp/hard\libc_nano.a(libc_a-findfp.o) (__sread)
C:/ST/STM32CubeIDE_1.16.0/STM32CubeIDE/plugins/com.st.stm32cube.ide.mcu.externaltools.gnu-tools-for-stm32.12.3.rel1.win32_1.0.200.202406191623/tools/bin/../lib/gcc/arm-none-eabi/12.3.1/../../../../arm-none-eabi/lib/thumb/v7e-m+fp/hard\libc_nano.a(libc_a-memset.o)
                              C:/ST/STM32CubeIDE_1.16.0/STM32CubeIDE/plugins/com.st.stm32cube.ide.mcu.externaltools.gnu-tools-for-stm32.12.3.rel1.win32_1.0.200.202406191623/tools/bin/../lib/gcc/arm-none-eabi/12.3.1/../../../../arm-none-eabi/lib/thumb/v7e-m+fp/hard/crt0.o (memset)
C:/ST/STM32CubeIDE_1.16.0/STM32CubeIDE/plugins/com.st.stm32cube.ide.mcu.externaltools.gnu-tools-for-stm32.12.3.rel1.win32_1.0.200.202406191623/tools/bin/../lib/gcc/arm-none-eabi/12.3.1/../../../../arm-none-eabi/lib/thumb/v7e-m+fp/hard\libc_nano.a(libc_a-strchr.o)
                              ./Core/Src/app_protocol.o (strchr)
C:/ST/STM32CubeIDE_1.16.0/STM32CubeIDE/plugins/com.st.stm32cube.ide.mcu.externaltools.gnu-tools-for-stm32.12.3.rel1.win32_1.0.200.202406191623/tools/bin/../lib/gcc/arm-none-eabi/12.3.1/../../../../arm-none-eabi/lib/thumb/v7e-m+fp/hard\libc_nano.a(libc_a-strrchr.o)
                              ./Core/Src/app_protocol.o (strrchr)
C:/ST/STM32CubeIDE_1.16.0/STM32CubeIDE/plugins/com.st.stm32cube.ide.mcu.externaltools.gnu-tools-for-stm32.12.3.rel1.win32_1.0.200.202406191623/tools/bin/../lib/gcc/arm-none-eabi/12.3.1/../../../../arm-none-eabi/lib/thumb/v7e-m+fp/hard\libc_nano.a(libc_a-closer.o)
                              C:/ST/STM32CubeIDE_1.16.0/STM32CubeIDE/plugins/com.st.stm32cube.ide.mcu.externaltools.gnu-tools-for-stm32.12.3.rel1.win32_1.0.200.202406191623/tools/bin/../lib/gcc/arm-none-eabi/12.3.1/../../../../arm-none-eabi/lib/thumb/v7e-m+fp/hard\libc_nano.a(libc_a-stdio.o) (_close_r)
C:/ST/STM32CubeIDE_1.16.0/STM32CubeIDE/plugins/com.st.stm32cube.ide.mcu.externaltools.gnu-tools-for-stm32.12.3.rel1.win32_1.0.200.202406191623/tools/bin/../lib/gcc/arm-none-eabi/12.3.1/../../../../arm-none-eabi/lib/thumb/v7e-m+fp/hard\libc_nano.a(libc_a-reent.o)
                              ./Middlewares/Third_Party/FreeRTOS/Source/tasks.o (_reclaim_reent)
C:/ST/STM32CubeIDE_1.16.0/STM32CubeIDE/plugins/com.st.stm32cube.ide.mcu.externaltools.gnu-tools-for-stm32.12.3.rel1.win32_1.0.200.202406191623/tools/bin/../lib/gcc/arm-none-eabi/12.3.1/../../../../arm-none-eabi/lib/thumb/v7e-m+fp/hard\libc_nano.a(libc_a-impure.o)
                              ./Middlewares/Third_Party/FreeRTOS/Source/tasks.o (_impure_ptr)
[...]
Memory Configuration

Name             Origin             Length             Attributes
RAM              0x20000000         0x00050000         xrw
FLASH            0x08000000         0x00100000         xr
*default*        0x00000000         0xffffffff

Linker script and memory map

LOAD C:/ST/STM32CubeIDE_1.16.0/STM32CubeIDE/plugins/com.st.stm32cube.ide.mcu.externaltools.gnu-tools-for-stm32.12.3.rel1.win32_1.0.200.202406191623/tools/bin/../lib/gcc/arm-none-eabi/12.3.1/thumb/v7e-m+fp/hard/crti.o
LOAD C:/ST/STM32CubeIDE_1.16.0/STM32CubeIDE/plugins/com.st.stm32cube.ide.mcu.externaltools.gnu-tools-for-stm32.12.3.rel1.win32_1.0.200.202406191623/tools/bin/../lib/gcc/arm-none-eabi/12.3.1/thumb/v7e-m+fp/hard/crtbegin.o
LOAD C:/ST/STM32CubeIDE_1.16.0/STM32CubeIDE/plugins/com.st.stm32cube.ide.mcu.externaltools.gnu-tools-for-stm32.12.3.rel1.win32_1.0.200.202406191623/tools/bin/../lib/gcc/arm-none-eabi/12.3.1/../../../../arm-none-eabi/lib/thumb/v7e-m+fp/hard/crt0.o
LOAD ./Core/Src/app_button.o
LOAD ./Core/Src/app_cmd_rx.o
LOAD ./Core/Src/app_hal_callbacks.o
LOAD ./Core/Src/app_protocol.o
LOAD ./Core/Src/app_ring_buffer.o
LOAD ./Core/Src/app_rtos.o
LOAD ./Core/Src/app_tasks.o
LOAD ./Core/Src/app_timestamp.o
LOAD ./Core/Src/freertos.o
LOAD ./Core/Src/main.o
LOAD ./Core/Src/stm32f7xx_hal_msp.o
LOAD ./Core/Src/stm32f7xx_hal_timebase_tim.o
LOAD ./Core/Src/stm32f7xx_it.o
LOAD ./Core/Src/syscalls.o
LOAD ./Core/Src/sysmem.o
LOAD ./Core/Src/system_stm32f7xx.o
LOAD ./Core/Startup/startup_stm32f746nghx.o
LOAD ./Drivers/STM32F7xx_HAL_Driver/Src/stm32f7xx_hal.o
LOAD ./Drivers/STM32F7xx_HAL_Driver/Src/stm32f7xx_hal_cortex.o
LOAD ./Drivers/STM32F7xx_HAL_Driver/Src/stm32f7xx_hal_dma.o
LOAD ./Drivers/STM32F7xx_HAL_Driver/Src/stm32f7xx_hal_dma_ex.o
LOAD ./Drivers/STM32F7xx_HAL_Driver/Src/stm32f7xx_hal_exti.o
LOAD ./Drivers/STM32F7xx_HAL_Driver/Src/stm32f7xx_hal_flash.o
LOAD ./Drivers/STM32F7xx_HAL_Driver/Src/stm32f7xx_hal_flash_ex.o
LOAD ./Drivers/STM32F7xx_HAL_Driver/Src/stm32f7xx_hal_gpio.o
LOAD ./Drivers/STM32F7xx_HAL_Driver/Src/stm32f7xx_hal_i2c.o
LOAD ./Drivers/STM32F7xx_HAL_Driver/Src/stm32f7xx_hal_i2c_ex.o
LOAD ./Drivers/STM32F7xx_HAL_Driver/Src/stm32f7xx_hal_pwr.o
LOAD ./Drivers/STM32F7xx_HAL_Driver/Src/stm32f7xx_hal_pwr_ex.o
LOAD ./Drivers/STM32F7xx_HAL_Driver/Src/stm32f7xx_hal_rcc.o
LOAD ./Drivers/STM32F7xx_HAL_Driver/Src/stm32f7xx_hal_rcc_ex.o
LOAD ./Drivers/STM32F7xx_HAL_Driver/Src/stm32f7xx_hal_tim.o
LOAD ./Drivers/STM32F7xx_HAL_Driver/Src/stm32f7xx_hal_tim_ex.o
LOAD ./Drivers/STM32F7xx_HAL_Driver/Src/stm32f7xx_hal_uart.o
LOAD ./Drivers/STM32F7xx_HAL_Driver/Src/stm32f7xx_hal_uart_ex.o
LOAD ./Middlewares/Third_Party/FreeRTOS/Source/CMSIS_RTOS_V2/cmsis_os2.o
LOAD ./Middlewares/Third_Party/FreeRTOS/Source/croutine.o
LOAD ./Middlewares/Third_Party/FreeRTOS/Source/event_groups.o
LOAD ./Middlewares/Third_Party/FreeRTOS/Source/list.o
LOAD ./Middlewares/Third_Party/FreeRTOS/Source/queue.o
LOAD ./Middlewares/Third_Party/FreeRTOS/Source/stream_buffer.o
LOAD ./Middlewares/Third_Party/FreeRTOS/Source/tasks.o
LOAD ./Middlewares/Third_Party/FreeRTOS/Source/timers.o
LOAD ./Middlewares/Third_Party/FreeRTOS/Source/portable/GCC/ARM_CM7/r0p1/port.o
LOAD ./Middlewares/Third_Party/FreeRTOS/Source/portable/MemMang/heap_4.o
START GROUP
LOAD C:/ST/STM32CubeIDE_1.16.0/STM32CubeIDE/plugins/com.st.stm32cube.ide.mcu.externaltools.gnu-tools-for-stm32.12.3.rel1.win32_1.0.200.202406191623/tools/bin/../lib/gcc/arm-none-eabi/12.3.1/../../../../arm-none-eabi/lib/thumb/v7e-m+fp/hard\libc_nano.a
LOAD C:/ST/STM32CubeIDE_1.16.0/STM32CubeIDE/plugins/com.st.stm32cube.ide.mcu.externaltools.gnu-tools-for-stm32.12.3.rel1.win32_1.0.200.202406191623/tools/bin/../lib/gcc/arm-none-eabi/12.3.1/../../../../arm-none-eabi/lib/thumb/v7e-m+fp/hard\libm.a
END GROUP
START GROUP
LOAD C:/ST/STM32CubeIDE_1.16.0/STM32CubeIDE/plugins/com.st.stm32cube.ide.mcu.externaltools.gnu-tools-for-stm32.12.3.rel1.win32_1.0.200.202406191623/tools/bin/../lib/gcc/arm-none-eabi/12.3.1/thumb/v7e-m+fp/hard\libgcc.a
LOAD C:/ST/STM32CubeIDE_1.16.0/STM32CubeIDE/plugins/com.st.stm32cube.ide.mcu.externaltools.gnu-tools-for-stm32.12.3.rel1.win32_1.0.200.202406191623/tools/bin/../lib/gcc/arm-none-eabi/12.3.1/../../../../arm-none-eabi/lib/thumb/v7e-m+fp/hard\libc_nano.a
END GROUP
START GROUP
LOAD C:/ST/STM32CubeIDE_1.16.0/STM32CubeIDE/plugins/com.st.stm32cube.ide.mcu.externaltools.gnu-tools-for-stm32.12.3.rel1.win32_1.0.200.202406191623/tools/bin/../lib/gcc/arm-none-eabi/12.3.1/thumb/v7e-m+fp/hard\libgcc.a
LOAD C:/ST/STM32CubeIDE_1.16.0/STM32CubeIDE/plugins/com.st.stm32cube.ide.mcu.externaltools.gnu-tools-for-stm32.12.3.rel1.win32_1.0.200.202406191623/tools/bin/../lib/gcc/arm-none-eabi/12.3.1/../../../../arm-none-eabi/lib/thumb/v7e-m+fp/hard\libc_nano.a
LOAD C:/ST/STM32CubeIDE_1.16.0/STM32CubeIDE/plugins/com.st.stm32cube.ide.mcu.externaltools.gnu-tools-for-stm32.12.3.rel1.win32_1.0.200.202406191623/tools/bin/../lib/gcc/arm-none-eabi/12.3.1/../../../../arm-none-eabi/lib/thumb/v7e-m+fp/hard\libnosys.a
END GROUP
START GROUP
LOAD C:/ST/STM32CubeIDE_1.16.0/STM32CubeIDE/plugins/com.st.stm32cube.ide.mcu.externaltools.gnu-tools-for-stm32.12.3.rel1.win32_1.0.200.202406191623/tools/bin/../lib/gcc/arm-none-eabi/12.3.1/thumb/v7e-m+fp/hard\libgcc.a
LOAD C:/ST/STM32CubeIDE_1.16.0/STM32CubeIDE/plugins/com.st.stm32cube.ide.mcu.externaltools.gnu-tools-for-stm32.12.3.rel1.win32_1.0.200.202406191623/tools/bin/../lib/gcc/arm-none-eabi/12.3.1/../../../../arm-none-eabi/lib/thumb/v7e-m+fp/hard\libc_nano.a
LOAD C:/ST/STM32CubeIDE_1.16.0/STM32CubeIDE/plugins/com.st.stm32cube.ide.mcu.externaltools.gnu-tools-for-stm32.12.3.rel1.win32_1.0.200.202406191623/tools/bin/../lib/gcc/arm-none-eabi/12.3.1/../../../../arm-none-eabi/lib/thumb/v7e-m+fp/hard\libnosys.a
END GROUP
LOAD C:/ST/STM32CubeIDE_1.16.0/STM32CubeIDE/plugins/com.st.stm32cube.ide.mcu.externaltools.gnu-tools-for-stm32.12.3.rel1.win32_1.0.200.202406191623/tools/bin/../lib/gcc/arm-none-eabi/12.3.1/thumb/v7e-m+fp/hard/crtend.o
LOAD C:/ST/STM32CubeIDE_1.16.0/STM32CubeIDE/plugins/com.st.stm32cube.ide.mcu.externaltools.gnu-tools-for-stm32.12.3.rel1.win32_1.0.200.202406191623/tools/bin/../lib/gcc/arm-none-eabi/12.3.1/thumb/v7e-m+fp/hard/crtn.o
                0x20050000                        _estack = (ORIGIN (RAM) + LENGTH (RAM))
                0x00000200                        _Min_Heap_Size = 0x200
                0x00000400                        _Min_Stack_Size = 0x400

.isr_vector     0x08000000      0x1c8
                0x08000000                        . = ALIGN (0x4)
 *(.isr_vector)
 .isr_vector    0x08000000      0x1c8 ./Core/Startup/startup_stm32f746nghx.o
                0x08000000                g_pfnVectors
                0x080001c8                        . = ALIGN (0x4)

.text           0x080001d0     0xb528
                0x080001d0                        . = ALIGN (0x4)
 *(.text)
 .text          0x080001d0       0x40 C:/ST/STM32CubeIDE_1.16.0/STM32CubeIDE/plugins/com.st.stm32cube.ide.mcu.externaltools.gnu-tools-for-stm32.12.3.rel1.win32_1.0.200.202406191623/tools/bin/../lib/gcc/arm-none-eabi/12.3.1/thumb/v7e-m+fp/hard/crtbegin.o
 .text          0x08000210       0x14 C:/ST/STM32CubeIDE_1.16.0/STM32CubeIDE/plugins/com.st.stm32cube.ide.mcu.externaltools.gnu-tools-for-stm32.12.3.rel1.win32_1.0.200.202406191623/tools/bin/../lib/gcc/arm-none-eabi/12.3.1/../../../../arm-none-eabi/lib/thumb/v7e-m+fp/hard\libc_nano.a(libc_a-strcmp.o)
                0x08000210                strcmp
 .text          0x08000224       0x10 C:/ST/STM32CubeIDE_1.16.0/STM32CubeIDE/plugins/com.st.stm32cube.ide.mcu.externaltools.gnu-tools-for-stm32.12.3.rel1.win32_1.0.200.202406191623/tools/bin/../lib/gcc/arm-none-eabi/12.3.1/../../../../arm-none-eabi/lib/thumb/v7e-m+fp/hard\libc_nano.a(libc_a-strlen.o)
                0x08000224                strlen
 *fill*         0x08000234        0xc 
 .text          0x08000240       0xa0 C:/ST/STM32CubeIDE_1.16.0/STM32CubeIDE/plugins/com.st.stm32cube.ide.mcu.externaltools.gnu-tools-for-stm32.12.3.rel1.win32_1.0.200.202406191623/tools/bin/../lib/gcc/arm-none-eabi/12.3.1/../../../../arm-none-eabi/lib/thumb/v7e-m+fp/hard\libc_nano.a(libc_a-memchr.o)
                0x08000240                memchr
 .text          0x080002e0       0x30 C:/ST/STM32CubeIDE_1.16.0/STM32CubeIDE/plugins/com.st.stm32cube.ide.mcu.externaltools.gnu-tools-for-stm32.12.3.rel1.win32_1.0.200.202406191623/tools/bin/../lib/gcc/arm-none-eabi/12.3.1/thumb/v7e-m+fp/hard\libgcc.a(_aeabi_uldivmod.o)
                0x080002e0                __aeabi_uldivmod
 .text          0x08000310      0x2bc C:/ST/STM32CubeIDE_1.16.0/STM32CubeIDE/plugins/com.st.stm32cube.ide.mcu.externaltools.gnu-tools-for-stm32.12.3.rel1.win32_1.0.200.202406191623/tools/bin/../lib/gcc/arm-none-eabi/12.3.1/thumb/v7e-m+fp/hard\libgcc.a(_udivmoddi4.o)
                0x08000310                __udivmoddi4
 .text          0x080005cc        0x4 C:/ST/STM32CubeIDE_1.16.0/STM32CubeIDE/plugins/com.st.stm32cube.ide.mcu.externaltools.gnu-tools-for-stm32.12.3.rel1.win32_1.0.200.202406191623/tools/bin/../lib/gcc/arm-none-eabi/12.3.1/thumb/v7e-m+fp/hard\libgcc.a(_dvmd_tls.o)
                0x080005cc                __aeabi_idiv0
                0x080005cc                __aeabi_ldiv0
 *(.text*)
 .text.Timestamp_Now
                0x080005d0       0x18 ./Core/Src/app_button.o
 .text.Button_Init
                0x080005e8       0x2c ./Core/Src/app_button.o
                0x080005e8                Button_Init
 .text.Button_ResetForScenario
                0x08000614       0x18 ./Core/Src/app_button.o
                0x08000614                Button_ResetForScenario
 .text.Button_HandleEXTI
                0x0800062c      0x114 ./Core/Src/app_button.o
                0x0800062c                Button_HandleEXTI
 .text.rearm    0x08000740       0x1c ./Core/Src/app_cmd_rx.o
 .text.CmdRx_Init
                0x0800075c       0x20 ./Core/Src/app_cmd_rx.o
                0x0800075c                CmdRx_Init
 .text.CmdRx_HandleByteReceived
                0x0800077c       0xa0 ./Core/Src/app_cmd_rx.o
                0x0800077c                CmdRx_HandleByteReceived
 .text.CmdRx_OnError
                0x0800081c       0x20 ./Core/Src/app_cmd_rx.o
                0x0800081c                CmdRx_OnError
 .text.Timestamp_Now
                0x0800083c       0x18 ./Core/Src/app_hal_callbacks.o
 .text.HAL_UART_TxCpltCallback
                0x08000854       0x3c ./Core/Src/app_hal_callbacks.o
                0x08000854                HAL_UART_TxCpltCallback
 .text.HAL_UART_ErrorCallback
                0x08000890       0x58 ./Core/Src/app_hal_callbacks.o
                0x08000890                HAL_UART_ErrorCallback
 .text.HAL_UART_RxCpltCallback
                0x080008e8       0x24 ./Core/Src/app_hal_callbacks.o
                0x080008e8                HAL_UART_RxCpltCallback
 .text.HAL_GPIO_EXTI_Callback
                0x0800090c       0x1e ./Core/Src/app_hal_callbacks.o
                0x0800090c                HAL_GPIO_EXTI_Callback
 .text.Protocol_Crc8
                0x0800092a       0x6e ./Core/Src/app_protocol.o
                0x0800092a                Protocol_Crc8
 .text.pack_payload
                0x08000998       0x4c ./Core/Src/app_protocol.o
 .text.finish_frame
                0x080009e4       0x6c ./Core/Src/app_protocol.o
 .text.status_to_str
                0x08000a50       0x68 ./Core/Src/app_protocol.o
 .text.fmt_delta
                0x08000ab8       0x4c ./Core/Src/app_protocol.o
 .text.Protocol_BuildTEL
                0x08000b04       0x74 ./Core/Src/app_protocol.o
                0x08000b04                Protocol_BuildTEL
 .text.Protocol_BuildBTN
                0x08000b78       0x50 ./Core/Src/app_protocol.o
                0x08000b78                Protocol_BuildBTN
 .text.Protocol_BuildBOOT
                0x08000bc8       0x54 ./Core/Src/app_protocol.o
                0x08000bc8                Protocol_BuildBOOT
 .text.Protocol_BuildREC
                0x08000c1c       0xbc ./Core/Src/app_protocol.o
                0x08000c1c                Protocol_BuildREC
 .text.Protocol_BuildSTAT
                0x08000cd8       0x88 ./Core/Src/app_protocol.o
                0x08000cd8                Protocol_BuildSTAT
 .text.Protocol_BuildDumpEnd
                0x08000d60       0x28 ./Core/Src/app_protocol.o
                0x08000d60                Protocol_BuildDumpEnd
 .text.hex_nibble
                0x08000d88       0x4e ./Core/Src/app_protocol.o
 *fill*         0x08000dd6        0x2 
 .text.parse_u32
                0x08000dd8       0x8c ./Core/Src/app_protocol.o
 .text.next_token
                0x08000e64       0x48 ./Core/Src/app_protocol.o
 .text.Protocol_ParseCommandLine
                0x08000eac      0x24c ./Core/Src/app_protocol.o
                0x08000eac                Protocol_ParseCommandLine
 .text.RingBuffer_Init
                0x080010f8       0x30 ./Core/Src/app_ring_buffer.o
                0x080010f8                RingBuffer_Init
 .text.RingBuffer_ResetForScenario
                0x08001128       0x38 ./Core/Src/app_ring_buffer.o
                0x08001128                RingBuffer_ResetForScenario
 .text.RingBuffer_Alloc
                0x08001160       0xb4 ./Core/Src/app_ring_buffer.o
                0x08001160                RingBuffer_Alloc
 .text.slot_for
                0x08001214       0x6c ./Core/Src/app_ring_buffer.o
 .text.RingBuffer_SetT1T2
                0x08001280       0x50 ./Core/Src/app_ring_buffer.o
                0x08001280                RingBuffer_SetT1T2
 .text.RingBuffer_SetT3
                0x080012d0       0x48 ./Core/Src/app_ring_buffer.o
                0x080012d0                RingBuffer_SetT3
 .text.RingBuffer_CloseSuccess
                0x08001318       0x84 ./Core/Src/app_ring_buffer.o
                0x08001318                RingBuffer_CloseSuccess
 .text.RingBuffer_CloseDropIsr
                0x0800139c       0x6c ./Core/Src/app_ring_buffer.o
                0x0800139c                RingBuffer_CloseDropIsr
 .text.close_with
                0x08001408       0x48 ./Core/Src/app_ring_buffer.o
 .text.RingBuffer_CloseDropTx
                0x08001450       0x28 ./Core/Src/app_ring_buffer.o
                0x08001450                RingBuffer_CloseDropTx
 .text.RingBuffer_CloseTxErr
                0x08001478       0x28 ./Core/Src/app_ring_buffer.o
                0x08001478                RingBuffer_CloseTxErr
 .text.RingBuffer_CloseTimeout
                0x080014a0       0x28 ./Core/Src/app_ring_buffer.o
                0x080014a0                RingBuffer_CloseTimeout
 .text.RingBuffer_GetCounters
                0x080014c8       0x4c ./Core/Src/app_ring_buffer.o
                0x080014c8                RingBuffer_GetCounters
 .text.inc_counter
                0x08001514       0x22 ./Core/Src/app_ring_buffer.o
 *fill*         0x08001536        0x2 
 .text.RingBuffer_IncCmdCrcErr
                0x08001538       0x14 ./Core/Src/app_ring_buffer.o
                0x08001538                RingBuffer_IncCmdCrcErr
 .text.RingBuffer_IncTelDrop
                0x0800154c       0x14 ./Core/Src/app_ring_buffer.o
                0x0800154c                RingBuffer_IncTelDrop
 .text.RingBuffer_IncTelTxFail
                0x08001560       0x14 ./Core/Src/app_ring_buffer.o
                0x08001560                RingBuffer_IncTelTxFail
 .text.RingBuffer_DumpNext
                0x08001574       0x98 ./Core/Src/app_ring_buffer.o
                0x08001574                RingBuffer_DumpNext
 .text.App_RunElapsedMs
                0x0800160c       0x18 ./Core/Src/app_rtos.o
                0x0800160c                App_RunElapsedMs
 .text.require  0x08001624       0x1c ./Core/Src/app_rtos.o
 .text.App_RTOS_Init
                0x08001640      0x20c ./Core/Src/app_rtos.o
                0x08001640                App_RTOS_Init
 .text.SCB_CleanDCache_by_Addr
                0x0800184c       0x58 ./Core/Src/app_tasks.o
 .text.Timestamp_Now
                0x080018a4       0x18 ./Core/Src/app_tasks.o
 .text.uart_tx_send
                0x080018bc       0xd0 ./Core/Src/app_tasks.o
 .text.send_item
                0x0800198c       0x98 ./Core/Src/app_tasks.o
 .text.send_meta
                0x08001a24       0x36 ./Core/Src/app_tasks.o
 *fill*         0x08001a5a        0x2 
 .text.dump_send_all
                0x08001a5c       0x80 ./Core/Src/app_tasks.o
 .text.control_handle_command
                0x08001adc      0x124 ./Core/Src/app_tasks.o
 .text.handle_cmd_line
                0x08001c00       0x44 ./Core/Src/app_tasks.o
 .text.UartTxTask_Run
                0x08001c44       0x7c ./Core/Src/app_tasks.o
                0x08001c44                UartTxTask_Run
 .text.ButtonTask_Run
                0x08001cc0       0xac ./Core/Src/app_tasks.o
                0x08001cc0                ButtonTask_Run
 .text.TelemetryTask_Run
                0x08001d6c      0x188 ./Core/Src/app_tasks.o
                0x08001d6c                TelemetryTask_Run
 .text.Timestamp_Init
                0x08001ef4       0x6c ./Core/Src/app_timestamp.o
                0x08001ef4                Timestamp_Init
 .text.Timestamp_DeltaToUs
                0x08001f60       0x48 ./Core/Src/app_timestamp.o
                0x08001f60                Timestamp_DeltaToUs
 .text.vApplicationStackOverflowHook
                0x08001fa8       0x16 ./Core/Src/freertos.o
                0x08001fa8                vApplicationStackOverflowHook
 .text.vApplicationMallocFailedHook
                0x08001fbe        0xe ./Core/Src/freertos.o
                0x08001fbe                vApplicationMallocFailedHook
 .text.SCB_EnableICache
                0x08001fcc       0x4c ./Core/Src/main.o
 .text.main     0x08002018       0x48 ./Core/Src/main.o
                0x08002018                main
 .text.SystemClock_Config
                0x08002060       0xe0 ./Core/Src/main.o
                0x08002060                SystemClock_Config
 .text.MX_USART1_UART_Init
                0x08002140       0x60 ./Core/Src/main.o
 .text.MX_DMA_Init
                0x080021a0       0x3c ./Core/Src/main.o
 .text.MX_GPIO_Init
                0x080021dc       0xcc ./Core/Src/main.o
 .text.StartDefaultTask
                0x080022a8       0x10 ./Core/Src/main.o
                0x080022a8                StartDefaultTask
 .text.HAL_TIM_PeriodElapsedCallback
                0x080022b8       0x24 ./Core/Src/main.o
                0x080022b8                HAL_TIM_PeriodElapsedCallback
 .text.Error_Handler
                0x080022dc        0xc ./Core/Src/main.o
                0x080022dc                Error_Handler
 .text.HAL_MspInit
                0x080022e8       0x60 ./Core/Src/stm32f7xx_hal_msp.o
                0x080022e8                HAL_MspInit
 .text.HAL_UART_MspInit
                0x08002348      0x178 ./Core/Src/stm32f7xx_hal_msp.o
                0x08002348                HAL_UART_MspInit
 .text.HAL_InitTick
                0x080024c0       0xf4 ./Core/Src/stm32f7xx_hal_timebase_tim.o
                0x080024c0                HAL_InitTick
 .text.NMI_Handler
                0x080025b4        0x8 ./Core/Src/stm32f7xx_it.o
                0x080025b4                NMI_Handler
 .text.HardFault_Handler
                0x080025bc        0x8 ./Core/Src/stm32f7xx_it.o
                0x080025bc                HardFault_Handler
 .text.MemManage_Handler
                0x080025c4        0x8 ./Core/Src/stm32f7xx_it.o
                0x080025c4                MemManage_Handler
 .text.BusFault_Handler
                0x080025cc        0x8 ./Core/Src/stm32f7xx_it.o
                0x080025cc                BusFault_Handler
 .text.UsageFault_Handler
                0x080025d4        0x8 ./Core/Src/stm32f7xx_it.o
                0x080025d4                UsageFault_Handler
 .text.DebugMon_Handler
                0x080025dc        0xe ./Core/Src/stm32f7xx_it.o
                0x080025dc                DebugMon_Handler
 .text.RCC_IRQHandler
                0x080025ea        0xe ./Core/Src/stm32f7xx_it.o
                0x080025ea                RCC_IRQHandler
 .text.USART1_IRQHandler
                0x080025f8       0x14 ./Core/Src/stm32f7xx_it.o
                0x080025f8                USART1_IRQHandler
 .text.EXTI15_10_IRQHandler
                0x0800260c       0x10 ./Core/Src/stm32f7xx_it.o
                0x0800260c                EXTI15_10_IRQHandler
 .text.TIM6_DAC_IRQHandler
                0x0800261c       0x14 ./Core/Src/stm32f7xx_it.o
                0x0800261c                TIM6_DAC_IRQHandler
 .text.DMA2_Stream7_IRQHandler
                0x08002630       0x14 ./Core/Src/stm32f7xx_it.o
                0x08002630                DMA2_Stream7_IRQHandler
 .text._sbrk    0x08002644       0x6c ./Core/Src/sysmem.o
                0x08002644                _sbrk
 .text.SystemInit
                0x080026b0       0x24 ./Core/Src/system_stm32f7xx.o
                0x080026b0                SystemInit
 .text.Reset_Handler
                0x080026d4       0x50 ./Core/Startup/startup_stm32f746nghx.o
                0x080026d4                Reset_Handler
 .text.Default_Handler
                0x08002724        0x2 ./Core/Startup/startup_stm32f746nghx.o
                0x08002724                RTC_Alarm_IRQHandler
                0x08002724                EXTI2_IRQHandler
                0x08002724                TIM8_CC_IRQHandler
                0x08002724                UART8_IRQHandler
                0x08002724                SPI4_IRQHandler
                0x08002724                TIM1_CC_IRQHandler
                0x08002724                DMA2_Stream5_IRQHandler
                0x08002724                DMA1_Stream5_IRQHandler
                0x08002724                PVD_IRQHandler
                0x08002724                TAMP_STAMP_IRQHandler
                0x08002724                CAN2_RX1_IRQHandler
                0x08002724                EXTI3_IRQHandler
                0x08002724                TIM8_TRG_COM_TIM14_IRQHandler
                0x08002724                TIM1_UP_TIM10_IRQHandler
                0x08002724                TIM8_UP_TIM13_IRQHandler
                0x08002724                I2C3_ER_IRQHandler
                0x08002724                EXTI0_IRQHandler
                0x08002724                I2C2_EV_IRQHandler
                0x08002724                DMA1_Stream2_IRQHandler
                0x08002724                CAN1_RX0_IRQHandler
                0x08002724                FPU_IRQHandler
                0x08002724                OTG_HS_WKUP_IRQHandler
                0x08002724                LTDC_ER_IRQHandler
                0x08002724                CAN2_SCE_IRQHandler
                0x08002724                DMA2_Stream2_IRQHandler
                0x08002724                SPI1_IRQHandler
                0x08002724                TIM1_BRK_TIM9_IRQHandler
                0x08002724                DCMI_IRQHandler
                0x08002724                CAN2_RX0_IRQHandler
                0x08002724                DMA2_Stream3_IRQHandler
                0x08002724                SAI2_IRQHandler
                0x08002724                USART6_IRQHandler
                0x08002724                USART3_IRQHandler
                0x08002724                CAN1_RX1_IRQHandler
                0x08002724                UART5_IRQHandler
                0x08002724                DMA2_Stream0_IRQHandler
                0x08002724                TIM4_IRQHandler
                0x08002724                QUADSPI_IRQHandler
                0x08002724                I2C1_EV_IRQHandler
                0x08002724                DMA1_Stream6_IRQHandler
                0x08002724                DMA1_Stream1_IRQHandler
                0x08002724                UART4_IRQHandler
                0x08002724                TIM3_IRQHandler
                0x08002724                TIM8_BRK_TIM12_IRQHandler
                0x08002724                Default_Handler
                0x08002724                CEC_IRQHandler
                0x08002724                ADC_IRQHandler
                0x08002724                DMA1_Stream7_IRQHandler
                0x08002724                SPI5_IRQHandler
                0x08002724                TIM7_IRQHandler
                0x08002724                SDMMC1_IRQHandler
                0x08002724                CAN2_TX_IRQHandler
                0x08002724                TIM5_IRQHandler
                0x08002724                I2C3_EV_IRQHandler
                0x08002724                EXTI9_5_IRQHandler
                0x08002724                RTC_WKUP_IRQHandler
                0x08002724                LTDC_IRQHandler
                0x08002724                ETH_WKUP_IRQHandler
                0x08002724                SPDIF_RX_IRQHandler
                0x08002724                SPI2_IRQHandler
                0x08002724                OTG_HS_EP1_IN_IRQHandler
                0x08002724                DMA1_Stream0_IRQHandler
                0x08002724                CAN1_TX_IRQHandler
                0x08002724                EXTI4_IRQHandler
                0x08002724                RNG_IRQHandler
                0x08002724                ETH_IRQHandler
                0x08002724                OTG_HS_EP1_OUT_IRQHandler
                0x08002724                WWDG_IRQHandler
                0x08002724                SPI6_IRQHandler
                0x08002724                I2C4_EV_IRQHandler
                0x08002724                TIM2_IRQHandler
                0x08002724                OTG_FS_WKUP_IRQHandler
                0x08002724                TIM1_TRG_COM_TIM11_IRQHandler
                0x08002724                OTG_HS_IRQHandler
                0x08002724                DMA2D_IRQHandler
                0x08002724                EXTI1_IRQHandler
                0x08002724                UART7_IRQHandler
                0x08002724                USART2_IRQHandler
                0x08002724                I2C2_ER_IRQHandler
                0x08002724                DMA2_Stream1_IRQHandler
                0x08002724                CAN1_SCE_IRQHandler
                0x08002724                FLASH_IRQHandler
                0x08002724                DMA2_Stream4_IRQHandler
                0x08002724                OTG_FS_IRQHandler
                0x08002724                SPI3_IRQHandler
                0x08002724                DMA1_Stream4_IRQHandler
                0x08002724                I2C1_ER_IRQHandler
                0x08002724                FMC_IRQHandler
                0x08002724                LPTIM1_IRQHandler
                0x08002724                I2C4_ER_IRQHandler
                0x08002724                DMA2_Stream6_IRQHandler
                0x08002724                SAI1_IRQHandler
                0x08002724                DMA1_Stream3_IRQHandler
 .text.HAL_Init
                0x08002726       0x1a ./Drivers/STM32F7xx_HAL_Driver/Src/stm32f7xx_hal.o
                0x08002726                HAL_Init
 .text.HAL_IncTick
                0x08002740       0x28 ./Drivers/STM32F7xx_HAL_Driver/Src/stm32f7xx_hal.o
                0x08002740                HAL_IncTick
 .text.HAL_GetTick
                0x08002768       0x18 ./Drivers/STM32F7xx_HAL_Driver/Src/stm32f7xx_hal.o
                0x08002768                HAL_GetTick
 .text.__NVIC_SetPriorityGrouping
                0x08002780       0x48 ./Drivers/STM32F7xx_HAL_Driver/Src/stm32f7xx_hal_cortex.o
 .text.__NVIC_GetPriorityGrouping
                0x080027c8       0x1c ./Drivers/STM32F7xx_HAL_Driver/Src/stm32f7xx_hal_cortex.o
 .text.__NVIC_EnableIRQ
                0x080027e4       0x3c ./Drivers/STM32F7xx_HAL_Driver/Src/stm32f7xx_hal_cortex.o
 .text.__NVIC_SetPriority
                0x08002820       0x54 ./Drivers/STM32F7xx_HAL_Driver/Src/stm32f7xx_hal_cortex.o
 .text.NVIC_EncodePriority
                0x08002874       0x66 ./Drivers/STM32F7xx_HAL_Driver/Src/stm32f7xx_hal_cortex.o
 .text.HAL_NVIC_SetPriorityGrouping
                0x080028da       0x16 ./Drivers/STM32F7xx_HAL_Driver/Src/stm32f7xx_hal_cortex.o
                0x080028da                HAL_NVIC_SetPriorityGrouping
 .text.HAL_NVIC_SetPriority
                0x080028f0       0x38 ./Drivers/STM32F7xx_HAL_Driver/Src/stm32f7xx_hal_cortex.o
                0x080028f0                HAL_NVIC_SetPriority
 .text.HAL_NVIC_EnableIRQ
                0x08002928       0x1c ./Drivers/STM32F7xx_HAL_Driver/Src/stm32f7xx_hal_cortex.o
                0x08002928                HAL_NVIC_EnableIRQ
 .text.HAL_DMA_Init
                0x08002944      0x15c ./Drivers/STM32F7xx_HAL_Driver/Src/stm32f7xx_hal_dma.o
                0x08002944                HAL_DMA_Init
 .text.HAL_DMA_Start_IT
                0x08002aa0       0xc0 ./Drivers/STM32F7xx_HAL_Driver/Src/stm32f7xx_hal_dma.o
                0x08002aa0                HAL_DMA_Start_IT
 .text.HAL_DMA_Abort
                0x08002b60       0xe0 ./Drivers/STM32F7xx_HAL_Driver/Src/stm32f7xx_hal_dma.o
                0x08002b60                HAL_DMA_Abort
 .text.HAL_DMA_Abort_IT
                0x08002c40       0x44 ./Drivers/STM32F7xx_HAL_Driver/Src/stm32f7xx_hal_dma.o
                0x08002c40                HAL_DMA_Abort_IT
 .text.HAL_DMA_IRQHandler
                0x08002c84      0x314 ./Drivers/STM32F7xx_HAL_Driver/Src/stm32f7xx_hal_dma.o
                0x08002c84                HAL_DMA_IRQHandler
 .text.HAL_DMA_GetError
                0x08002f98       0x18 ./Drivers/STM32F7xx_HAL_Driver/Src/stm32f7xx_hal_dma.o
                0x08002f98                HAL_DMA_GetError
 .text.DMA_SetConfig
                0x08002fb0       0x5c ./Drivers/STM32F7xx_HAL_Driver/Src/stm32f7xx_hal_dma.o
 .text.DMA_CalcBaseAndBitshift
                0x0800300c       0x6c ./Drivers/STM32F7xx_HAL_Driver/Src/stm32f7xx_hal_dma.o
 .text.DMA_CheckFifoParam
                0x08003078       0xf8 ./Drivers/STM32F7xx_HAL_Driver/Src/stm32f7xx_hal_dma.o
 .text.HAL_GPIO_Init
                0x08003170      0x358 ./Drivers/STM32F7xx_HAL_Driver/Src/stm32f7xx_hal_gpio.o
                0x08003170                HAL_GPIO_Init
 .text.HAL_GPIO_ReadPin
                0x080034c8       0x30 ./Drivers/STM32F7xx_HAL_Driver/Src/stm32f7xx_hal_gpio.o
                0x080034c8                HAL_GPIO_ReadPin
 .text.HAL_GPIO_EXTI_IRQHandler
                0x080034f8       0x30 ./Drivers/STM32F7xx_HAL_Driver/Src/stm32f7xx_hal_gpio.o
                0x080034f8                HAL_GPIO_EXTI_IRQHandler
 .text.HAL_PWR_EnableBkUpAccess
                0x08003528       0x20 ./Drivers/STM32F7xx_HAL_Driver/Src/stm32f7xx_hal_pwr.o
                0x08003528                HAL_PWR_EnableBkUpAccess
 .text.HAL_PWREx_EnableOverDrive
                0x08003548       0xa0 ./Drivers/STM32F7xx_HAL_Driver/Src/stm32f7xx_hal_pwr_ex.o
                0x08003548                HAL_PWREx_EnableOverDrive
 .text.HAL_RCC_OscConfig
                0x080035e8      0x548 ./Drivers/STM32F7xx_HAL_Driver/Src/stm32f7xx_hal_rcc.o
                0x080035e8                HAL_RCC_OscConfig
 .text.HAL_RCC_ClockConfig
                0x08003b30      0x1d8 ./Drivers/STM32F7xx_HAL_Driver/Src/stm32f7xx_hal_rcc.o
                0x08003b30                HAL_RCC_ClockConfig
 .text.HAL_RCC_GetSysClockFreq
                0x08003d08      0x18c ./Drivers/STM32F7xx_HAL_Driver/Src/stm32f7xx_hal_rcc.o
                0x08003d08                HAL_RCC_GetSysClockFreq
 .text.HAL_RCC_GetHCLKFreq
                0x08003e94       0x18 ./Drivers/STM32F7xx_HAL_Driver/Src/stm32f7xx_hal_rcc.o
                0x08003e94                HAL_RCC_GetHCLKFreq
 .text.HAL_RCC_GetPCLK1Freq
                0x08003eac       0x28 ./Drivers/STM32F7xx_HAL_Driver/Src/stm32f7xx_hal_rcc.o
                0x08003eac                HAL_RCC_GetPCLK1Freq
 .text.HAL_RCC_GetPCLK2Freq
                0x08003ed4       0x28 ./Drivers/STM32F7xx_HAL_Driver/Src/stm32f7xx_hal_rcc.o
                0x08003ed4                HAL_RCC_GetPCLK2Freq
 .text.HAL_RCC_GetClockConfig
                0x08003efc       0x64 ./Drivers/STM32F7xx_HAL_Driver/Src/stm32f7xx_hal_rcc.o
                0x08003efc                HAL_RCC_GetClockConfig
 .text.HAL_RCCEx_PeriphCLKConfig
                0x08003f60      0x7e0 ./Drivers/STM32F7xx_HAL_Driver/Src/stm32f7xx_hal_rcc_ex.o
                0x08003f60                HAL_RCCEx_PeriphCLKConfig
 .text.HAL_TIM_Base_Init
                0x08004740       0xae ./Drivers/STM32F7xx_HAL_Driver/Src/stm32f7xx_hal_tim.o
                0x08004740                HAL_TIM_Base_Init
 .text.HAL_TIM_Base_MspInit
                0x080047ee       0x14 ./Drivers/STM32F7xx_HAL_Driver/Src/stm32f7xx_hal_tim.o
                0x080047ee                HAL_TIM_Base_MspInit
 *fill*         0x08004802        0x2 
 .text.HAL_TIM_Base_Start_IT
                0x08004804       0xf0 ./Drivers/STM32F7xx_HAL_Driver/Src/stm32f7xx_hal_tim.o
                0x08004804                HAL_TIM_Base_Start_IT
 .text.HAL_TIM_IRQHandler
                0x080048f4      0x20e ./Drivers/STM32F7xx_HAL_Driver/Src/stm32f7xx_hal_tim.o
                0x080048f4                HAL_TIM_IRQHandler
 .text.HAL_TIM_OC_DelayElapsedCallback
                0x08004b02       0x14 ./Drivers/STM32F7xx_HAL_Driver/Src/stm32f7xx_hal_tim.o
                0x08004b02                HAL_TIM_OC_DelayElapsedCallback
 .text.HAL_TIM_IC_CaptureCallback
                0x08004b16       0x14 ./Drivers/STM32F7xx_HAL_Driver/Src/stm32f7xx_hal_tim.o
                0x08004b16                HAL_TIM_IC_CaptureCallback
 .text.HAL_TIM_PWM_PulseFinishedCallback
                0x08004b2a       0x14 ./Drivers/STM32F7xx_HAL_Driver/Src/stm32f7xx_hal_tim.o
                0x08004b2a                HAL_TIM_PWM_PulseFinishedCallback
 .text.HAL_TIM_TriggerCallback
                0x08004b3e       0x14 ./Drivers/STM32F7xx_HAL_Driver/Src/stm32f7xx_hal_tim.o
                0x08004b3e                HAL_TIM_TriggerCallback
 *fill*         0x08004b52        0x2 
 .text.TIM_Base_SetConfig
                0x08004b54      0x14c ./Drivers/STM32F7xx_HAL_Driver/Src/stm32f7xx_hal_tim.o
                0x08004b54                TIM_Base_SetConfig
 .text.HAL_TIMEx_CommutCallback
                0x08004ca0       0x14 ./Drivers/STM32F7xx_HAL_Driver/Src/stm32f7xx_hal_tim_ex.o
                0x08004ca0                HAL_TIMEx_CommutCallback
 .text.HAL_TIMEx_BreakCallback
                0x08004cb4       0x14 ./Drivers/STM32F7xx_HAL_Driver/Src/stm32f7xx_hal_tim_ex.o
                0x08004cb4                HAL_TIMEx_BreakCallback
 .text.HAL_TIMEx_Break2Callback
                0x08004cc8       0x14 ./Drivers/STM32F7xx_HAL_Driver/Src/stm32f7xx_hal_tim_ex.o
                0x08004cc8                HAL_TIMEx_Break2Callback
 .text.HAL_UART_Init
                0x08004cdc       0x9c ./Drivers/STM32F7xx_HAL_Driver/Src/stm32f7xx_hal_uart.o
                0x08004cdc                HAL_UART_Init
 .text.HAL_UART_Receive_IT
                0x08004d78       0x88 ./Drivers/STM32F7xx_HAL_Driver/Src/stm32f7xx_hal_uart.o
                0x08004d78                HAL_UART_Receive_IT
 .text.HAL_UART_Transmit_DMA
                0x08004e00       0xf8 ./Drivers/STM32F7xx_HAL_Driver/Src/stm32f7xx_hal_uart.o
                0x08004e00                HAL_UART_Transmit_DMA
 .text.HAL_UART_AbortTransmit
                0x08004ef8       0xd0 ./Drivers/STM32F7xx_HAL_Driver/Src/stm32f7xx_hal_uart.o
                0x08004ef8                HAL_UART_AbortTransmit
 .text.HAL_UART_IRQHandler
                0x08004fc8      0x5d8 ./Drivers/STM32F7xx_HAL_Driver/Src/stm32f7xx_hal_uart.o
                0x08004fc8                HAL_UART_IRQHandler
 .text.HAL_UART_TxHalfCpltCallback
                0x080055a0       0x14 ./Drivers/STM32F7xx_HAL_Driver/Src/stm32f7xx_hal_uart.o
                0x080055a0                HAL_UART_TxHalfCpltCallback
 .text.HAL_UARTEx_RxEventCallback
                0x080055b4       0x18 ./Drivers/STM32F7xx_HAL_Driver/Src/stm32f7xx_hal_uart.o
                0x080055b4                HAL_UARTEx_RxEventCallback
 .text.UART_SetConfig
                0x080055cc      0x4c8 ./Drivers/STM32F7xx_HAL_Driver/Src/stm32f7xx_hal_uart.o
                0x080055cc                UART_SetConfig
 .text.UART_AdvFeatureConfig
                0x08005a94      0x144 ./Drivers/STM32F7xx_HAL_Driver/Src/stm32f7xx_hal_uart.o
                0x08005a94                UART_AdvFeatureConfig
 .text.UART_CheckIdleState
                0x08005bd8       0xae ./Drivers/STM32F7xx_HAL_Driver/Src/stm32f7xx_hal_uart.o
                0x08005bd8                UART_CheckIdleState
 .text.UART_WaitOnFlagUntilTimeout
                0x08005c86       0xda ./Drivers/STM32F7xx_HAL_Driver/Src/stm32f7xx_hal_uart.o
                0x08005c86                UART_WaitOnFlagUntilTimeout
 .text.UART_Start_Receive_IT
                0x08005d60      0x18c ./Drivers/STM32F7xx_HAL_Driver/Src/stm32f7xx_hal_uart.o
                0x08005d60                UART_Start_Receive_IT
 .text.UART_EndTxTransfer
                0x08005eec       0x4c ./Drivers/STM32F7xx_HAL_Driver/Src/stm32f7xx_hal_uart.o
 .text.UART_EndRxTransfer
                0x08005f38       0xc8 ./Drivers/STM32F7xx_HAL_Driver/Src/stm32f7xx_hal_uart.o
 .text.UART_DMATransmitCplt
                0x08006000       0x96 ./Drivers/STM32F7xx_HAL_Driver/Src/stm32f7xx_hal_uart.o
 .text.UART_DMATxHalfCplt
                0x08006096       0x1c ./Drivers/STM32F7xx_HAL_Driver/Src/stm32f7xx_hal_uart.o
 .text.UART_DMAError
                0x080060b2       0x7e ./Drivers/STM32F7xx_HAL_Driver/Src/stm32f7xx_hal_uart.o
 .text.UART_DMAAbortOnError
                0x08006130       0x24 ./Drivers/STM32F7xx_HAL_Driver/Src/stm32f7xx_hal_uart.o
 .text.UART_EndTransmit_IT
                0x08006154       0x54 ./Drivers/STM32F7xx_HAL_Driver/Src/stm32f7xx_hal_uart.o
 .text.UART_RxISR_8BIT
                0x080061a8      0x1a8 ./Drivers/STM32F7xx_HAL_Driver/Src/stm32f7xx_hal_uart.o
 .text.UART_RxISR_16BIT
                0x08006350      0x1a8 ./Drivers/STM32F7xx_HAL_Driver/Src/stm32f7xx_hal_uart.o
 .text.SVC_Setup
                0x080064f8        0xe ./Middlewares/Third_Party/FreeRTOS/Source/CMSIS_RTOS_V2/cmsis_os2.o
 *fill*         0x08006506        0x2 
 .text.osKernelInitialize
                0x08006508       0x68 ./Middlewares/Third_Party/FreeRTOS/Source/CMSIS_RTOS_V2/cmsis_os2.o
                0x08006508                osKernelInitialize
 .text.osKernelStart
                0x08006570       0x6c ./Middlewares/Third_Party/FreeRTOS/Source/CMSIS_RTOS_V2/cmsis_os2.o
                0x08006570                osKernelStart
 .text.osKernelGetTickCount
                0x080065dc       0x50 ./Middlewares/Third_Party/FreeRTOS/Source/CMSIS_RTOS_V2/cmsis_os2.o
                0x080065dc                osKernelGetTickCount
 .text.osThreadNew
                0x0800662c      0x14c ./Middlewares/Third_Party/FreeRTOS/Source/CMSIS_RTOS_V2/cmsis_os2.o
                0x0800662c                osThreadNew
 .text.osDelay  0x08006778       0x5c ./Middlewares/Third_Party/FreeRTOS/Source/CMSIS_RTOS_V2/cmsis_os2.o
                0x08006778                osDelay
 .text.osDelayUntil
                0x080067d4       0x80 ./Middlewares/Third_Party/FreeRTOS/Source/CMSIS_RTOS_V2/cmsis_os2.o
                0x080067d4                osDelayUntil
 .text.osEventFlagsNew
                0x08006854       0xa4 ./Middlewares/Third_Party/FreeRTOS/Source/CMSIS_RTOS_V2/cmsis_os2.o
                0x08006854                osEventFlagsNew
 .text.osEventFlagsSet
                0x080068f8       0xac ./Middlewares/Third_Party/FreeRTOS/Source/CMSIS_RTOS_V2/cmsis_os2.o
                0x080068f8                osEventFlagsSet
 .text.osEventFlagsClear
                0x080069a4       0x88 ./Middlewares/Third_Party/FreeRTOS/Source/CMSIS_RTOS_V2/cmsis_os2.o
                0x080069a4                osEventFlagsClear
 .text.osEventFlagsWait
                0x08006a2c       0xec ./Middlewares/Third_Party/FreeRTOS/Source/CMSIS_RTOS_V2/cmsis_os2.o
                0x08006a2c                osEventFlagsWait
 .text.osSemaphoreNew
                0x08006b18      0x138 ./Middlewares/Third_Party/FreeRTOS/Source/CMSIS_RTOS_V2/cmsis_os2.o
                0x08006b18                osSemaphoreNew
 .text.osSemaphoreAcquire
                0x08006c50       0xcc ./Middlewares/Third_Party/FreeRTOS/Source/CMSIS_RTOS_V2/cmsis_os2.o
                0x08006c50                osSemaphoreAcquire
 .text.osSemaphoreRelease
                0x08006d1c       0xb0 ./Middlewares/Third_Party/FreeRTOS/Source/CMSIS_RTOS_V2/cmsis_os2.o
                0x08006d1c                osSemaphoreRelease
 .text.osMessageQueueNew
                0x08006dcc      0x10c ./Middlewares/Third_Party/FreeRTOS/Source/CMSIS_RTOS_V2/cmsis_os2.o
                0x08006dcc                osMessageQueueNew
 .text.osMessageQueuePut
                0x08006ed8       0xe8 ./Middlewares/Third_Party/FreeRTOS/Source/CMSIS_RTOS_V2/cmsis_os2.o
                0x08006ed8                osMessageQueuePut
 .text.osMessageQueueGet
                0x08006fc0       0xe4 ./Middlewares/Third_Party/FreeRTOS/Source/CMSIS_RTOS_V2/cmsis_os2.o
                0x08006fc0                osMessageQueueGet
 .text.osMessageQueueGetCount
                0x080070a4       0x64 ./Middlewares/Third_Party/FreeRTOS/Source/CMSIS_RTOS_V2/cmsis_os2.o
                0x080070a4                osMessageQueueGetCount
 .text.vApplicationGetIdleTaskMemory
                0x08007108       0x34 ./Middlewares/Third_Party/FreeRTOS/Source/CMSIS_RTOS_V2/cmsis_os2.o
                0x08007108                vApplicationGetIdleTaskMemory
 .text.vApplicationGetTimerTaskMemory
                0x0800713c       0x34 ./Middlewares/Third_Party/FreeRTOS/Source/CMSIS_RTOS_V2/cmsis_os2.o
                0x0800713c                vApplicationGetTimerTaskMemory
 .text.xEventGroupCreateStatic
                0x08007170       0x7a ./Middlewares/Third_Party/FreeRTOS/Source/event_groups.o
                0x08007170                xEventGroupCreateStatic
 .text.xEventGroupCreate
                0x080071ea       0x34 ./Middlewares/Third_Party/FreeRTOS/Source/event_groups.o
                0x080071ea                xEventGroupCreate
 *fill*         0x0800721e        0x2 
 .text.xEventGroupWaitBits
                0x08007220      0x1b4 ./Middlewares/Third_Party/FreeRTOS/Source/event_groups.o
                0x08007220                xEventGroupWaitBits
 .text.xEventGroupClearBits
                0x080073d4       0x7a ./Middlewares/Third_Party/FreeRTOS/Source/event_groups.o
                0x080073d4                xEventGroupClearBits
 *fill*         0x0800744e        0x2 
 .text.xEventGroupClearBitsFromISR
                0x08007450       0x28 ./Middlewares/Third_Party/FreeRTOS/Source/event_groups.o
                0x08007450                xEventGroupClearBitsFromISR
 .text.xEventGroupGetBitsFromISR
                0x08007478       0x4c ./Middlewares/Third_Party/FreeRTOS/Source/event_groups.o
                0x08007478                xEventGroupGetBitsFromISR
 .text.xEventGroupSetBits
                0x080074c4      0x120 ./Middlewares/Third_Party/FreeRTOS/Source/event_groups.o
                0x080074c4                xEventGroupSetBits
 .text.vEventGroupSetBitsCallback
                0x080075e4       0x1a ./Middlewares/Third_Party/FreeRTOS/Source/event_groups.o
                0x080075e4                vEventGroupSetBitsCallback
 .text.vEventGroupClearBitsCallback
                0x080075fe       0x1a ./Middlewares/Third_Party/FreeRTOS/Source/event_groups.o
                0x080075fe                vEventGroupClearBitsCallback
 .text.prvTestWaitCondition
                0x08007618       0x44 ./Middlewares/Third_Party/FreeRTOS/Source/event_groups.o
 .text.xEventGroupSetBitsFromISR
                0x0800765c       0x28 ./Middlewares/Third_Party/FreeRTOS/Source/event_groups.o
                0x0800765c                xEventGroupSetBitsFromISR
 .text.vListInitialise
                0x08007684       0x40 ./Middlewares/Third_Party/FreeRTOS/Source/list.o
                0x08007684                vListInitialise
 .text.vListInitialiseItem
                0x080076c4       0x1a ./Middlewares/Third_Party/FreeRTOS/Source/list.o
                0x080076c4                vListInitialiseItem
 .text.vListInsertEnd
                0x080076de       0x48 ./Middlewares/Third_Party/FreeRTOS/Source/list.o
                0x080076de                vListInsertEnd
 .text.vListInsert
                0x08007726       0x72 ./Middlewares/Third_Party/FreeRTOS/Source/list.o
                0x08007726                vListInsert
 .text.uxListRemove
                0x08007798       0x54 ./Middlewares/Third_Party/FreeRTOS/Source/list.o
                0x08007798                uxListRemove
 .text.xQueueGenericReset
                0x080077ec       0xd8 ./Middlewares/Third_Party/FreeRTOS/Source/queue.o
                0x080077ec                xQueueGenericReset
 .text.xQueueGenericCreateStatic
                0x080078c4      0x10e ./Middlewares/Third_Party/FreeRTOS/Source/queue.o
                0x080078c4                xQueueGenericCreateStatic
 .text.xQueueGenericCreate
                0x080079d2       0x86 ./Middlewares/Third_Party/FreeRTOS/Source/queue.o
                0x080079d2                xQueueGenericCreate
 .text.prvInitialiseNewQueue
                0x08007a58       0x46 ./Middlewares/Third_Party/FreeRTOS/Source/queue.o
 .text.xQueueCreateCountingSemaphoreStatic
                0x08007a9e       0x7a ./Middlewares/Third_Party/FreeRTOS/Source/queue.o
                0x08007a9e                xQueueCreateCountingSemaphoreStatic
 .text.xQueueCreateCountingSemaphore
                0x08007b18       0x72 ./Middlewares/Third_Party/FreeRTOS/Source/queue.o
                0x08007b18                xQueueCreateCountingSemaphore
 *fill*         0x08007b8a        0x2 
 .text.xQueueGenericSend
                0x08007b8c      0x214 ./Middlewares/Third_Party/FreeRTOS/Source/queue.o
                0x08007b8c                xQueueGenericSend
 .text.xQueueGenericSendFromISR
                0x08007da0      0x146 ./Middlewares/Third_Party/FreeRTOS/Source/queue.o
                0x08007da0                xQueueGenericSendFromISR
 .text.xQueueGiveFromISR
                0x08007ee6      0x130 ./Middlewares/Third_Party/FreeRTOS/Source/queue.o
                0x08007ee6                xQueueGiveFromISR
 *fill*         0x08008016        0x2 
 .text.xQueueReceive
                0x08008018      0x1d0 ./Middlewares/Third_Party/FreeRTOS/Source/queue.o
                0x08008018                xQueueReceive
 .text.xQueueSemaphoreTake
                0x080081e8      0x230 ./Middlewares/Third_Party/FreeRTOS/Source/queue.o
                0x080081e8                xQueueSemaphoreTake
 .text.xQueueReceiveFromISR
                0x08008418      0x110 ./Middlewares/Third_Party/FreeRTOS/Source/queue.o
                0x08008418                xQueueReceiveFromISR
 .text.uxQueueMessagesWaiting
                0x08008528       0x42 ./Middlewares/Third_Party/FreeRTOS/Source/queue.o
                0x08008528                uxQueueMessagesWaiting
 .text.uxQueueMessagesWaitingFromISR
                0x0800856a       0x42 ./Middlewares/Third_Party/FreeRTOS/Source/queue.o
                0x0800856a                uxQueueMessagesWaitingFromISR
 .text.vQueueDelete
                0x080085ac       0x4c ./Middlewares/Third_Party/FreeRTOS/Source/queue.o
                0x080085ac                vQueueDelete
 .text.prvGetDisinheritPriorityAfterTimeout
                0x080085f8       0x30 ./Middlewares/Third_Party/FreeRTOS/Source/queue.o
 .text.prvCopyDataToQueue
                0x08008628       0xd4 ./Middlewares/Third_Party/FreeRTOS/Source/queue.o
 .text.prvCopyDataFromQueue
                0x080086fc       0x4c ./Middlewares/Third_Party/FreeRTOS/Source/queue.o
 .text.prvUnlockQueue
                0x08008748       0xa4 ./Middlewares/Third_Party/FreeRTOS/Source/queue.o
 .text.prvIsQueueEmpty
                0x080087ec       0x2c ./Middlewares/Third_Party/FreeRTOS/Source/queue.o
 .text.prvIsQueueFull
                0x08008818       0x30 ./Middlewares/Third_Party/FreeRTOS/Source/queue.o
 .text.vQueueAddToRegistry
                0x08008848       0x54 ./Middlewares/Third_Party/FreeRTOS/Source/queue.o
                0x08008848                vQueueAddToRegistry
 .text.vQueueUnregisterQueue
                0x0800889c       0x54 ./Middlewares/Third_Party/FreeRTOS/Source/queue.o
                0x0800889c                vQueueUnregisterQueue
 .text.vQueueWaitForMessageRestricted
                0x080088f0       0x68 ./Middlewares/Third_Party/FreeRTOS/Source/queue.o
                0x080088f0                vQueueWaitForMessageRestricted
 .text.xTaskCreateStatic
                0x08008958       0xcc ./Middlewares/Third_Party/FreeRTOS/Source/tasks.o
                0x08008958                xTaskCreateStatic
 .text.xTaskCreate
                0x08008a24       0x8a ./Middlewares/Third_Party/FreeRTOS/Source/tasks.o
                0x08008a24                xTaskCreate
 *fill*         0x08008aae        0x2 
 .text.prvInitialiseNewTask
                0x08008ab0      0x154 ./Middlewares/Third_Party/FreeRTOS/Source/tasks.o
 .text.prvAddNewTaskToReadyList
                0x08008c04       0xe0 ./Middlewares/Third_Party/FreeRTOS/Source/tasks.o
 .text.vTaskDelayUntil
                0x08008ce4      0x10c ./Middlewares/Third_Party/FreeRTOS/Source/tasks.o
                0x08008ce4                vTaskDelayUntil
 .text.vTaskDelay
                0x08008df0       0x70 ./Middlewares/Third_Party/FreeRTOS/Source/tasks.o
                0x08008df0                vTaskDelay
 .text.vTaskStartScheduler
                0x08008e60       0xe8 ./Middlewares/Third_Party/FreeRTOS/Source/tasks.o
                0x08008e60                vTaskStartScheduler
 .text.vTaskSuspendAll
                0x08008f48       0x1c ./Middlewares/Third_Party/FreeRTOS/Source/tasks.o
                0x08008f48                vTaskSuspendAll
 .text.xTaskResumeAll
                0x08008f64      0x140 ./Middlewares/Third_Party/FreeRTOS/Source/tasks.o
                0x08008f64                xTaskResumeAll
 .text.xTaskGetTickCount
                0x080090a4       0x20 ./Middlewares/Third_Party/FreeRTOS/Source/tasks.o
                0x080090a4                xTaskGetTickCount
 .text.xTaskGetTickCountFromISR
                0x080090c4       0x24 ./Middlewares/Third_Party/FreeRTOS/Source/tasks.o
                0x080090c4                xTaskGetTickCountFromISR
 .text.xTaskIncrementTick
                0x080090e8      0x178 ./Middlewares/Third_Party/FreeRTOS/Source/tasks.o
                0x080090e8                xTaskIncrementTick
 .text.vTaskSwitchContext
                0x08009260      0x118 ./Middlewares/Third_Party/FreeRTOS/Source/tasks.o
                0x08009260                vTaskSwitchContext
 .text.vTaskPlaceOnEventList
                0x08009378       0x50 ./Middlewares/Third_Party/FreeRTOS/Source/tasks.o
                0x08009378                vTaskPlaceOnEventList
 .text.vTaskPlaceOnUnorderedEventList
                0x080093c8       0x84 ./Middlewares/Third_Party/FreeRTOS/Source/tasks.o
                0x080093c8                vTaskPlaceOnUnorderedEventList
 .text.vTaskPlaceOnEventListRestricted
                0x0800944c       0x5c ./Middlewares/Third_Party/FreeRTOS/Source/tasks.o
                0x0800944c                vTaskPlaceOnEventListRestricted
 .text.xTaskRemoveFromEventList
                0x080094a8       0xcc ./Middlewares/Third_Party/FreeRTOS/Source/tasks.o
                0x080094a8                xTaskRemoveFromEventList
 .text.vTaskRemoveFromUnorderedEventList
                0x08009574       0xd0 ./Middlewares/Third_Party/FreeRTOS/Source/tasks.o
                0x08009574                vTaskRemoveFromUnorderedEventList
 .text.vTaskInternalSetTimeOutState
                0x08009644       0x2c ./Middlewares/Third_Party/FreeRTOS/Source/tasks.o
                0x08009644                vTaskInternalSetTimeOutState
 .text.xTaskCheckForTimeOut
                0x08009670       0xd0 ./Middlewares/Third_Party/FreeRTOS/Source/tasks.o
                0x08009670                xTaskCheckForTimeOut
 .text.vTaskMissedYield
                0x08009740       0x18 ./Middlewares/Third_Party/FreeRTOS/Source/tasks.o
                0x08009740                vTaskMissedYield
 .text.prvIdleTask
                0x08009758       0x30 ./Middlewares/Third_Party/FreeRTOS/Source/tasks.o
 .text.prvInitialiseTaskLists
                0x08009788       0x80 ./Middlewares/Third_Party/FreeRTOS/Source/tasks.o
 .text.prvCheckTasksWaitingTermination
                0x08009808       0x5c ./Middlewares/Third_Party/FreeRTOS/Source/tasks.o
 .text.prvDeleteTCB
                0x08009864       0x6e ./Middlewares/Third_Party/FreeRTOS/Source/tasks.o
 *fill*         0x080098d2        0x2 
 .text.prvResetNextTaskUnblockTime
                0x080098d4       0x40 ./Middlewares/Third_Party/FreeRTOS/Source/tasks.o
 .text.xTaskGetSchedulerState
                0x08009914       0x3c ./Middlewares/Third_Party/FreeRTOS/Source/tasks.o
                0x08009914                xTaskGetSchedulerState
 .text.xTaskPriorityInherit
                0x08009950       0xd0 ./Middlewares/Third_Party/FreeRTOS/Source/tasks.o
                0x08009950                xTaskPriorityInherit
 .text.xTaskPriorityDisinherit
                0x08009a20       0xe8 ./Middlewares/Third_Party/FreeRTOS/Source/tasks.o
                0x08009a20                xTaskPriorityDisinherit
 .text.vTaskPriorityDisinheritAfterTimeout
                0x08009b08      0x110 ./Middlewares/Third_Party/FreeRTOS/Source/tasks.o
                0x08009b08                vTaskPriorityDisinheritAfterTimeout
 .text.uxTaskResetEventItemValue
                0x08009c18       0x30 ./Middlewares/Third_Party/FreeRTOS/Source/tasks.o
                0x08009c18                uxTaskResetEventItemValue
 .text.pvTaskIncrementMutexHeldCount
                0x08009c48       0x28 ./Middlewares/Third_Party/FreeRTOS/Source/tasks.o
                0x08009c48                pvTaskIncrementMutexHeldCount
 .text.prvAddCurrentTaskToDelayedList
                0x08009c70       0xa8 ./Middlewares/Third_Party/FreeRTOS/Source/tasks.o
 .text.xTimerCreateTimerTask
                0x08009d18       0x98 ./Middlewares/Third_Party/FreeRTOS/Source/timers.o
                0x08009d18                xTimerCreateTimerTask
 .text.xTimerGenericCommand
                0x08009db0       0xa0 ./Middlewares/Third_Party/FreeRTOS/Source/timers.o
                0x08009db0                xTimerGenericCommand
 .text.prvProcessExpiredTimer
                0x08009e50       0xa0 ./Middlewares/Third_Party/FreeRTOS/Source/timers.o
 .text.prvTimerTask
                0x08009ef0       0x26 ./Middlewares/Third_Party/FreeRTOS/Source/timers.o
 *fill*         0x08009f16        0x2 
 .text.prvProcessTimerOrBlockTask
                0x08009f18       0x9c ./Middlewares/Third_Party/FreeRTOS/Source/timers.o
 .text.prvGetNextExpireTime
                0x08009fb4       0x48 ./Middlewares/Third_Party/FreeRTOS/Source/timers.o
 .text.prvSampleTimeNow
                0x08009ffc       0x40 ./Middlewares/Third_Party/FreeRTOS/Source/timers.o
 .text.prvInsertTimerInActiveList
                0x0800a03c       0x84 ./Middlewares/Third_Party/FreeRTOS/Source/timers.o
 .text.prvProcessReceivedCommands
                0x0800a0c0      0x1d8 ./Middlewares/Third_Party/FreeRTOS/Source/timers.o
 .text.prvSwitchTimerLists
                0x0800a298       0xd0 ./Middlewares/Third_Party/FreeRTOS/Source/timers.o
 .text.prvCheckForValidListAndQueue
                0x0800a368       0x80 ./Middlewares/Third_Party/FreeRTOS/Source/timers.o
 .text.xTimerPendFunctionCallFromISR
                0x0800a3e8       0x40 ./Middlewares/Third_Party/FreeRTOS/Source/timers.o
                0x0800a3e8                xTimerPendFunctionCallFromISR
 .text.pxPortInitialiseStack
                0x0800a428       0x68 ./Middlewares/Third_Party/FreeRTOS/Source/portable/GCC/ARM_CM7/r0p1/port.o
                0x0800a428                pxPortInitialiseStack
 .text.prvTaskExitError
                0x0800a490       0x64 ./Middlewares/Third_Party/FreeRTOS/Source/portable/GCC/ARM_CM7/r0p1/port.o
 *fill*         0x0800a4f4        0xc 
 .text.SVC_Handler
                0x0800a500       0x28 ./Middlewares/Third_Party/FreeRTOS/Source/portable/GCC/ARM_CM7/r0p1/port.o
                0x0800a500                SVC_Handler
 .text.prvPortStartFirstTask
                0x0800a528       0x28 ./Middlewares/Third_Party/FreeRTOS/Source/portable/GCC/ARM_CM7/r0p1/port.o
 .text.xPortStartScheduler
                0x0800a550       0xfc ./Middlewares/Third_Party/FreeRTOS/Source/portable/GCC/ARM_CM7/r0p1/port.o
                0x0800a550                xPortStartScheduler
 .text.vPortEnterCritical
                0x0800a64c       0x6c ./Middlewares/Third_Party/FreeRTOS/Source/portable/GCC/ARM_CM7/r0p1/port.o
                0x0800a64c                vPortEnterCritical
 .text.vPortExitCritical
                0x0800a6b8       0x58 ./Middlewares/Third_Party/FreeRTOS/Source/portable/GCC/ARM_CM7/r0p1/port.o
                0x0800a6b8                vPortExitCritical
 .text.PendSV_Handler
                0x0800a710       0x68 ./Middlewares/Third_Party/FreeRTOS/Source/portable/GCC/ARM_CM7/r0p1/port.o
                0x0800a710                PendSV_Handler
 .text.SysTick_Handler
                0x0800a778       0x48 ./Middlewares/Third_Party/FreeRTOS/Source/portable/GCC/ARM_CM7/r0p1/port.o
                0x0800a778                SysTick_Handler
 .text.vPortSetupTimerInterrupt
                0x0800a7c0       0x48 ./Middlewares/Third_Party/FreeRTOS/Source/portable/GCC/ARM_CM7/r0p1/port.o
                0x0800a7c0                vPortSetupTimerInterrupt
 .text.vPortEnableVFP
                0x0800a808       0x14 ./Middlewares/Third_Party/FreeRTOS/Source/portable/GCC/ARM_CM7/r0p1/port.o
 .text.vPortValidateInterruptPriority
                0x0800a81c       0x8c ./Middlewares/Third_Party/FreeRTOS/Source/portable/GCC/ARM_CM7/r0p1/port.o
                0x0800a81c                vPortValidateInterruptPriority
 .text.pvPortMalloc
                0x0800a8a8      0x1a4 ./Middlewares/Third_Party/FreeRTOS/Source/portable/MemMang/heap_4.o
                0x0800a8a8                pvPortMalloc
 .text.vPortFree
                0x0800aa4c       0xc0 ./Middlewares/Third_Party/FreeRTOS/Source/portable/MemMang/heap_4.o
                0x0800aa4c                vPortFree
 .text.prvHeapInit
                0x0800ab0c       0xc4 ./Middlewares/Third_Party/FreeRTOS/Source/portable/MemMang/heap_4.o
 .text.prvInsertBlockIntoFreeList
                0x0800abd0       0xb4 ./Middlewares/Third_Party/FreeRTOS/Source/portable/MemMang/heap_4.o
 .text.snprintf
                0x0800ac84       0x68 C:/ST/STM32CubeIDE_1.16.0/STM32CubeIDE/plugins/com.st.stm32cube.ide.mcu.externaltools.gnu-tools-for-stm32.12.3.rel1.win32_1.0.200.202406191623/tools/bin/../lib/gcc/arm-none-eabi/12.3.1/../../../../arm-none-eabi/lib/thumb/v7e-m+fp/hard\libc_nano.a(libc_a-snprintf.o)
                0x0800ac84                sniprintf
                0x0800ac84                snprintf
 .text.memset   0x0800acec       0x10 C:/ST/STM32CubeIDE_1.16.0/STM32CubeIDE/plugins/com.st.stm32cube.ide.mcu.externaltools.gnu-tools-for-stm32.12.3.rel1.win32_1.0.200.202406191623/tools/bin/../lib/gcc/arm-none-eabi/12.3.1/../../../../arm-none-eabi/lib/thumb/v7e-m+fp/hard\libc_nano.a(libc_a-memset.o)
                0x0800acec                memset
 .text.strchr   0x0800acfc       0x1a C:/ST/STM32CubeIDE_1.16.0/STM32CubeIDE/plugins/com.st.stm32cube.ide.mcu.externaltools.gnu-tools-for-stm32.12.3.rel1.win32_1.0.200.202406191623/tools/bin/../lib/gcc/arm-none-eabi/12.3.1/../../../../arm-none-eabi/lib/thumb/v7e-m+fp/hard\libc_nano.a(libc_a-strchr.o)
                0x0800acfc                strchr
 .text.strrchr  0x0800ad16       0x2c C:/ST/STM32CubeIDE_1.16.0/STM32CubeIDE/plugins/com.st.stm32cube.ide.mcu.externaltools.gnu-tools-for-stm32.12.3.rel1.win32_1.0.200.202406191623/tools/bin/../lib/gcc/arm-none-eabi/12.3.1/../../../../arm-none-eabi/lib/thumb/v7e-m+fp/hard\libc_nano.a(libc_a-strrchr.o)
                0x0800ad16                strrchr
 *fill*         0x0800ad42        0x2 
 .text._reclaim_reent
                0x0800ad44       0xac C:/ST/STM32CubeIDE_1.16.0/STM32CubeIDE/plugins/com.st.stm32cube.ide.mcu.externaltools.gnu-tools-for-stm32.12.3.rel1.win32_1.0.200.202406191623/tools/bin/../lib/gcc/arm-none-eabi/12.3.1/../../../../arm-none-eabi/lib/thumb/v7e-m+fp/hard\libc_nano.a(libc_a-reent.o)
                0x0800ad44                _reclaim_reent
 .text.__errno  0x0800adf0        0xc C:/ST/STM32CubeIDE_1.16.0/STM32CubeIDE/plugins/com.st.stm32cube.ide.mcu.externaltools.gnu-tools-for-stm32.12.3.rel1.win32_1.0.200.202406191623/tools/bin/../lib/gcc/arm-none-eabi/12.3.1/../../../../arm-none-eabi/lib/thumb/v7e-m+fp/hard\libc_nano.a(libc_a-errno.o)
                0x0800adf0                __errno
 .text.__libc_init_array
                0x0800adfc       0x48 C:/ST/STM32CubeIDE_1.16.0/STM32CubeIDE/plugins/com.st.stm32cube.ide.mcu.externaltools.gnu-tools-for-stm32.12.3.rel1.win32_1.0.200.202406191623/tools/bin/../lib/gcc/arm-none-eabi/12.3.1/../../../../arm-none-eabi/lib/thumb/v7e-m+fp/hard\libc_nano.a(libc_a-init.o)
                0x0800adfc                __libc_init_array
 .text.__retarget_lock_acquire_recursive
                0x0800ae44        0x2 C:/ST/STM32CubeIDE_1.16.0/STM32CubeIDE/plugins/com.st.stm32cube.ide.mcu.externaltools.gnu-tools-for-stm32.12.3.rel1.win32_1.0.200.202406191623/tools/bin/../lib/gcc/arm-none-eabi/12.3.1/../../../../arm-none-eabi/lib/thumb/v7e-m+fp/hard\libc_nano.a(libc_a-lock.o)
                0x0800ae44                __retarget_lock_acquire_recursive
 .text.__retarget_lock_release_recursive
                0x0800ae46        0x2 C:/ST/STM32CubeIDE_1.16.0/STM32CubeIDE/plugins/com.st.stm32cube.ide.mcu.externaltools.gnu-tools-for-stm32.12.3.rel1.win32_1.0.200.202406191623/tools/bin/../lib/gcc/arm-none-eabi/12.3.1/../../../../arm-none-eabi/lib/thumb/v7e-m+fp/hard\libc_nano.a(libc_a-lock.o)
                0x0800ae46                __retarget_lock_release_recursive
 .text.memcpy   0x0800ae48       0x1c C:/ST/STM32CubeIDE_1.16.0/STM32CubeIDE/plugins/com.st.stm32cube.ide.mcu.externaltools.gnu-tools-for-stm32.12.3.rel1.win32_1.0.200.202406191623/tools/bin/../lib/gcc/arm-none-eabi/12.3.1/../../../../arm-none-eabi/lib/thumb/v7e-m+fp/hard\libc_nano.a(libc_a-memcpy-stub.o)
                0x0800ae48                memcpy
 .text._free_r  0x0800ae64       0x94 C:/ST/STM32CubeIDE_1.16.0/STM32CubeIDE/plugins/com.st.stm32cube.ide.mcu.externaltools.gnu-tools-for-stm32.12.3.rel1.win32_1.0.200.202406191623/tools/bin/../lib/gcc/arm-none-eabi/12.3.1/../../../../arm-none-eabi/lib/thumb/v7e-m+fp/hard\libc_nano.a(libc_a-freer.o)
                0x0800ae64                _free_r
 .text.sbrk_aligned
                0x0800aef8       0x44 C:/ST/STM32CubeIDE_1.16.0/STM32CubeIDE/plugins/com.st.stm32cube.ide.mcu.externaltools.gnu-tools-for-stm32.12.3.rel1.win32_1.0.200.202406191623/tools/bin/../lib/gcc/arm-none-eabi/12.3.1/../../../../arm-none-eabi/lib/thumb/v7e-m+fp/hard\libc_nano.a(libc_a-mallocr.o)
 .text._malloc_r
                0x0800af3c      0x100 C:/ST/STM32CubeIDE_1.16.0/STM32CubeIDE/plugins/com.st.stm32cube.ide.mcu.externaltools.gnu-tools-for-stm32.12.3.rel1.win32_1.0.200.202406191623/tools/bin/../lib/gcc/arm-none-eabi/12.3.1/../../../../arm-none-eabi/lib/thumb/v7e-m+fp/hard\libc_nano.a(libc_a-mallocr.o)
                0x0800af3c                _malloc_r
 .text.__malloc_lock
                0x0800b03c        0xc C:/ST/STM32CubeIDE_1.16.0/STM32CubeIDE/plugins/com.st.stm32cube.ide.mcu.externaltools.gnu-tools-for-stm32.12.3.rel1.win32_1.0.200.202406191623/tools/bin/../lib/gcc/arm-none-eabi/12.3.1/../../../../arm-none-eabi/lib/thumb/v7e-m+fp/hard\libc_nano.a(libc_a-mlock.o)
                0x0800b03c                __malloc_lock
 .text.__malloc_unlock
                0x0800b048        0xc C:/ST/STM32CubeIDE_1.16.0/STM32CubeIDE/plugins/com.st.stm32cube.ide.mcu.externaltools.gnu-tools-for-stm32.12.3.rel1.win32_1.0.200.202406191623/tools/bin/../lib/gcc/arm-none-eabi/12.3.1/../../../../arm-none-eabi/lib/thumb/v7e-m+fp/hard\libc_nano.a(libc_a-mlock.o)
                0x0800b048                __malloc_unlock
 .text.__ssputs_r
                0x0800b054       0xb6 C:/ST/STM32CubeIDE_1.16.0/STM32CubeIDE/plugins/com.st.stm32cube.ide.mcu.externaltools.gnu-tools-for-stm32.12.3.rel1.win32_1.0.200.202406191623/tools/bin/../lib/gcc/arm-none-eabi/12.3.1/../../../../arm-none-eabi/lib/thumb/v7e-m+fp/hard\libc_nano.a(libc_a-nano-svfprintf.o)
                0x0800b054                __ssputs_r
 *fill*         0x0800b10a        0x2 
 .text._svfprintf_r
                0x0800b10c      0x1f8 C:/ST/STM32CubeIDE_1.16.0/STM32CubeIDE/plugins/com.st.stm32cube.ide.mcu.externaltools.gnu-tools-for-stm32.12.3.rel1.win32_1.0.200.202406191623/tools/bin/../lib/gcc/arm-none-eabi/12.3.1/../../../../arm-none-eabi/lib/thumb/v7e-m+fp/hard\libc_nano.a(libc_a-nano-svfprintf.o)
                0x0800b10c                _svfiprintf_r
                0x0800b10c                _svfprintf_r
 .text._printf_common
                0x0800b304       0xda C:/ST/STM32CubeIDE_1.16.0/STM32CubeIDE/plugins/com.st.stm32cube.ide.mcu.externaltools.gnu-tools-for-stm32.12.3.rel1.win32_1.0.200.202406191623/tools/bin/../lib/gcc/arm-none-eabi/12.3.1/../../../../arm-none-eabi/lib/thumb/v7e-m+fp/hard\libc_nano.a(libc_a-nano-vfprintf_i.o)
                0x0800b304                _printf_common
 *fill*         0x0800b3de        0x2 
 .text._printf_i
                0x0800b3e0      0x240 C:/ST/STM32CubeIDE_1.16.0/STM32CubeIDE/plugins/com.st.stm32cube.ide.mcu.externaltools.gnu-tools-for-stm32.12.3.rel1.win32_1.0.200.202406191623/tools/bin/../lib/gcc/arm-none-eabi/12.3.1/../../../../arm-none-eabi/lib/thumb/v7e-m+fp/hard\libc_nano.a(libc_a-nano-vfprintf_i.o)
                0x0800b3e0                _printf_i
 .text.memmove  0x0800b620       0x34 C:/ST/STM32CubeIDE_1.16.0/STM32CubeIDE/plugins/com.st.stm32cube.ide.mcu.externaltools.gnu-tools-for-stm32.12.3.rel1.win32_1.0.200.202406191623/tools/bin/../lib/gcc/arm-none-eabi/12.3.1/../../../../arm-none-eabi/lib/thumb/v7e-m+fp/hard\libc_nano.a(libc_a-memmove.o)
                0x0800b620                memmove
 .text._sbrk_r  0x0800b654       0x20 C:/ST/STM32CubeIDE_1.16.0/STM32CubeIDE/plugins/com.st.stm32cube.ide.mcu.externaltools.gnu-tools-for-stm32.12.3.rel1.win32_1.0.200.202406191623/tools/bin/../lib/gcc/arm-none-eabi/12.3.1/../../../../arm-none-eabi/lib/thumb/v7e-m+fp/hard\libc_nano.a(libc_a-sbrkr.o)
                0x0800b654                _sbrk_r
 .text._realloc_r
                0x0800b674       0x5c C:/ST/STM32CubeIDE_1.16.0/STM32CubeIDE/plugins/com.st.stm32cube.ide.mcu.externaltools.gnu-tools-for-stm32.12.3.rel1.win32_1.0.200.202406191623/tools/bin/../lib/gcc/arm-none-eabi/12.3.1/../../../../arm-none-eabi/lib/thumb/v7e-m+fp/hard\libc_nano.a(libc_a-reallocr.o)
                0x0800b674                _realloc_r
 .text._malloc_usable_size_r
                0x0800b6d0       0x10 C:/ST/STM32CubeIDE_1.16.0/STM32CubeIDE/plugins/com.st.stm32cube.ide.mcu.externaltools.gnu-tools-for-stm32.12.3.rel1.win32_1.0.200.202406191623/tools/bin/../lib/gcc/arm-none-eabi/12.3.1/../../../../arm-none-eabi/lib/thumb/v7e-m+fp/hard\libc_nano.a(libc_a-msizer.o)
                0x0800b6d0                _malloc_usable_size_r
 *(.glue_7)
 .glue_7        0x0800b6e0        0x0 linker stubs
 *(.glue_7t)
 .glue_7t       0x0800b6e0        0x0 linker stubs
 *(.eh_frame)
 .eh_frame      0x0800b6e0        0x0 C:/ST/STM32CubeIDE_1.16.0/STM32CubeIDE/plugins/com.st.stm32cube.ide.mcu.externaltools.gnu-tools-for-stm32.12.3.rel1.win32_1.0.200.202406191623/tools/bin/../lib/gcc/arm-none-eabi/12.3.1/thumb/v7e-m+fp/hard/crtbegin.o
 *(.init)
 .init          0x0800b6e0        0x4 C:/ST/STM32CubeIDE_1.16.0/STM32CubeIDE/plugins/com.st.stm32cube.ide.mcu.externaltools.gnu-tools-for-stm32.12.3.rel1.win32_1.0.200.202406191623/tools/bin/../lib/gcc/arm-none-eabi/12.3.1/thumb/v7e-m+fp/hard/crti.o
                0x0800b6e0                _init
 .init          0x0800b6e4        0x8 C:/ST/STM32CubeIDE_1.16.0/STM32CubeIDE/plugins/com.st.stm32cube.ide.mcu.externaltools.gnu-tools-for-stm32.12.3.rel1.win32_1.0.200.202406191623/tools/bin/../lib/gcc/arm-none-eabi/12.3.1/thumb/v7e-m+fp/hard/crtn.o
 *(.fini)
 .fini          0x0800b6ec        0x4 C:/ST/STM32CubeIDE_1.16.0/STM32CubeIDE/plugins/com.st.stm32cube.ide.mcu.externaltools.gnu-tools-for-stm32.12.3.rel1.win32_1.0.200.202406191623/tools/bin/../lib/gcc/arm-none-eabi/12.3.1/thumb/v7e-m+fp/hard/crti.o
                0x0800b6ec                _fini
 .fini          0x0800b6f0        0x8 C:/ST/STM32CubeIDE_1.16.0/STM32CubeIDE/plugins/com.st.stm32cube.ide.mcu.externaltools.gnu-tools-for-stm32.12.3.rel1.win32_1.0.200.202406191623/tools/bin/../lib/gcc/arm-none-eabi/12.3.1/thumb/v7e-m+fp/hard/crtn.o
                0x0800b6f8                        . = ALIGN (0x4)
                0x0800b6f8                        _etext = .

.vfp11_veneer   0x0800b6f8        0x0
 .vfp11_veneer  0x0800b6f8        0x0 linker stubs

.v4_bx          0x0800b6f8        0x0
 .v4_bx         0x0800b6f8        0x0 linker stubs

.iplt           0x0800b6f8        0x0
 .iplt          0x0800b6f8        0x0 C:/ST/STM32CubeIDE_1.16.0/STM32CubeIDE/plugins/com.st.stm32cube.ide.mcu.externaltools.gnu-tools-for-stm32.12.3.rel1.win32_1.0.200.202406191623/tools/bin/../lib/gcc/arm-none-eabi/12.3.1/thumb/v7e-m+fp/hard/crtbegin.o

.rodata         0x0800b6f8      0x24c
                0x0800b6f8                        . = ALIGN (0x4)
 *(.rodata)
 .rodata        0x0800b6f8      0x140 ./Core/Src/app_protocol.o
 .rodata        0x0800b838       0x5e ./Core/Src/app_rtos.o
 *fill*         0x0800b896        0x2 
 .rodata        0x0800b898        0x4 ./Core/Src/app_tasks.o
 .rodata        0x0800b89c        0xc ./Core/Src/main.o
 .rodata        0x0800b8a8        0x5 ./Middlewares/Third_Party/FreeRTOS/Source/tasks.o
 *fill*         0x0800b8ad        0x3 
 .rodata        0x0800b8b0        0xd ./Middlewares/Third_Party/FreeRTOS/Source/timers.o
 *(.rodata*)
 *fill*         0x0800b8bd        0x3 
 .rodata.content.0
                0x0800b8c0        0x9 ./Core/Src/app_protocol.o
 *fill*         0x0800b8c9        0x3 
 .rodata.defaultTask_attributes
                0x0800b8cc       0x24 ./Core/Src/main.o
                0x0800b8cc                defaultTask_attributes
 .rodata.AHBPrescTable
                0x0800b8f0       0x10 ./Core/Src/system_stm32f7xx.o
                0x0800b8f0                AHBPrescTable
 .rodata.APBPrescTable
                0x0800b900        0x8 ./Core/Src/system_stm32f7xx.o
                0x0800b900                APBPrescTable
 .rodata.flagBitshiftOffset.0
                0x0800b908        0x8 ./Drivers/STM32F7xx_HAL_Driver/Src/stm32f7xx_hal_dma.o
 .rodata._svfprintf_r.str1.1
                0x0800b910       0x11 C:/ST/STM32CubeIDE_1.16.0/STM32CubeIDE/plugins/com.st.stm32cube.ide.mcu.externaltools.gnu-tools-for-stm32.12.3.rel1.win32_1.0.200.202406191623/tools/bin/../lib/gcc/arm-none-eabi/12.3.1/../../../../arm-none-eabi/lib/thumb/v7e-m+fp/hard\libc_nano.a(libc_a-nano-svfprintf.o)
 .rodata._printf_i.str1.1
                0x0800b921       0x22 C:/ST/STM32CubeIDE_1.16.0/STM32CubeIDE/plugins/com.st.stm32cube.ide.mcu.externaltools.gnu-tools-for-stm32.12.3.rel1.win32_1.0.200.202406191623/tools/bin/../lib/gcc/arm-none-eabi/12.3.1/../../../../arm-none-eabi/lib/thumb/v7e-m+fp/hard\libc_nano.a(libc_a-nano-vfprintf_i.o)
                0x0800b944                        . = ALIGN (0x4)
 *fill*         0x0800b943        0x1 

.ARM.extab      0x0800b944        0x0
                0x0800b944                        . = ALIGN (0x4)
 *(.ARM.extab* .gnu.linkonce.armextab.*)
                0x0800b944                        . = ALIGN (0x4)

.ARM            0x0800b944        0x8
                0x0800b944                        . = ALIGN (0x4)
                0x0800b944                        __exidx_start = .
 *(.ARM.exidx*)
 .ARM.exidx     0x0800b944        0x8 C:/ST/STM32CubeIDE_1.16.0/STM32CubeIDE/plugins/com.st.stm32cube.ide.mcu.externaltools.gnu-tools-for-stm32.12.3.rel1.win32_1.0.200.202406191623/tools/bin/../lib/gcc/arm-none-eabi/12.3.1/../../../../arm-none-eabi/lib/thumb/v7e-m+fp/hard\libc_nano.a(libc_a-strcmp.o)
 .ARM.exidx     0x0800b94c        0x0 C:/ST/STM32CubeIDE_1.16.0/STM32CubeIDE/plugins/com.st.stm32cube.ide.mcu.externaltools.gnu-tools-for-stm32.12.3.rel1.win32_1.0.200.202406191623/tools/bin/../lib/gcc/arm-none-eabi/12.3.1/../../../../arm-none-eabi/lib/thumb/v7e-m+fp/hard\libc_nano.a(libc_a-strlen.o)
                                  0x8 (size before relaxing)
 .ARM.exidx     0x0800b94c        0x0 C:/ST/STM32CubeIDE_1.16.0/STM32CubeIDE/plugins/com.st.stm32cube.ide.mcu.externaltools.gnu-tools-for-stm32.12.3.rel1.win32_1.0.200.202406191623/tools/bin/../lib/gcc/arm-none-eabi/12.3.1/../../../../arm-none-eabi/lib/thumb/v7e-m+fp/hard\libc_nano.a(libc_a-memchr.o)
                                  0x8 (size before relaxing)
 .ARM.exidx     0x0800b94c        0x0 C:/ST/STM32CubeIDE_1.16.0/STM32CubeIDE/plugins/com.st.stm32cube.ide.mcu.externaltools.gnu-tools-for-stm32.12.3.rel1.win32_1.0.200.202406191623/tools/bin/../lib/gcc/arm-none-eabi/12.3.1/thumb/v7e-m+fp/hard\libgcc.a(_udivmoddi4.o)
                                  0x8 (size before relaxing)
                0x0800b94c                        __exidx_end = .
                0x0800b94c                        . = ALIGN (0x4)

.preinit_array  0x0800b94c        0x0
                0x0800b94c                        . = ALIGN (0x4)
                0x0800b94c                        PROVIDE (__preinit_array_start = .)
 *(.preinit_array*)
                0x0800b94c                        PROVIDE (__preinit_array_end = .)
                0x0800b94c                        . = ALIGN (0x4)

.init_array     0x0800b94c        0x4
                0x0800b94c                        . = ALIGN (0x4)
                0x0800b94c                        PROVIDE (__init_array_start = .)
 *(SORT_BY_NAME(.init_array.*))
 *(.init_array*)
 .init_array    0x0800b94c        0x4 C:/ST/STM32CubeIDE_1.16.0/STM32CubeIDE/plugins/com.st.stm32cube.ide.mcu.externaltools.gnu-tools-for-stm32.12.3.rel1.win32_1.0.200.202406191623/tools/bin/../lib/gcc/arm-none-eabi/12.3.1/thumb/v7e-m+fp/hard/crtbegin.o
                0x0800b950                        PROVIDE (__init_array_end = .)
                0x0800b950                        . = ALIGN (0x4)

.fini_array     0x0800b950        0x4
                0x0800b950                        . = ALIGN (0x4)
                [!provide]                        PROVIDE (__fini_array_start = .)
 *(SORT_BY_NAME(.fini_array.*))
 *(.fini_array*)
 .fini_array    0x0800b950        0x4 C:/ST/STM32CubeIDE_1.16.0/STM32CubeIDE/plugins/com.st.stm32cube.ide.mcu.externaltools.gnu-tools-for-stm32.12.3.rel1.win32_1.0.200.202406191623/tools/bin/../lib/gcc/arm-none-eabi/12.3.1/thumb/v7e-m+fp/hard/crtbegin.o
                [!provide]                        PROVIDE (__fini_array_end = .)
                0x0800b954                        . = ALIGN (0x4)
                0x0800b954                        _sidata = LOADADDR (.data)

.rel.dyn        0x0800b954        0x0
 .rel.iplt      0x0800b954        0x0 C:/ST/STM32CubeIDE_1.16.0/STM32CubeIDE/plugins/com.st.stm32cube.ide.mcu.externaltools.gnu-tools-for-stm32.12.3.rel1.win32_1.0.200.202406191623/tools/bin/../lib/gcc/arm-none-eabi/12.3.1/thumb/v7e-m+fp/hard/crtbegin.o

.data           0x20000000       0x6c load address 0x0800b954
                0x20000000                        . = ALIGN (0x4)
                0x20000000                        _sdata = .
 *(.data)
 *(.data*)
 .data.g_cfg    0x20000000        0xc ./Core/Src/app_rtos.o
                0x20000000                g_cfg
 .data.SystemCoreClock
                0x2000000c        0x4 ./Core/Src/system_stm32f7xx.o
                0x2000000c                SystemCoreClock
 .data.uwTickPrio
                0x20000010        0x4 ./Drivers/STM32F7xx_HAL_Driver/Src/stm32f7xx_hal.o
                0x20000010                uwTickPrio
 .data.uwTickFreq
                0x20000014        0x1 ./Drivers/STM32F7xx_HAL_Driver/Src/stm32f7xx_hal.o
                0x20000014                uwTickFreq
 *fill*         0x20000015        0x3 
 .data.uxCriticalNesting
                0x20000018        0x4 ./Middlewares/Third_Party/FreeRTOS/Source/portable/GCC/ARM_CM7/r0p1/port.o
 .data._impure_ptr
                0x2000001c        0x4 C:/ST/STM32CubeIDE_1.16.0/STM32CubeIDE/plugins/com.st.stm32cube.ide.mcu.externaltools.gnu-tools-for-stm32.12.3.rel1.win32_1.0.200.202406191623/tools/bin/../lib/gcc/arm-none-eabi/12.3.1/../../../../arm-none-eabi/lib/thumb/v7e-m+fp/hard\libc_nano.a(libc_a-impure.o)
                0x2000001c                _impure_ptr
 .data._impure_data
                0x20000020       0x4c C:/ST/STM32CubeIDE_1.16.0/STM32CubeIDE/plugins/com.st.stm32cube.ide.mcu.externaltools.gnu-tools-for-stm32.12.3.rel1.win32_1.0.200.202406191623/tools/bin/../lib/gcc/arm-none-eabi/12.3.1/../../../../arm-none-eabi/lib/thumb/v7e-m+fp/hard\libc_nano.a(libc_a-impure.o)
                0x20000020                _impure_data
 *(.RamFunc)
 *(.RamFunc*)
                0x2000006c                        . = ALIGN (0x4)
                0x2000006c                        _edata = .

.igot.plt       0x2000006c        0x0 load address 0x0800b9c0
 .igot.plt      0x2000006c        0x0 C:/ST/STM32CubeIDE_1.16.0/STM32CubeIDE/plugins/com.st.stm32cube.ide.mcu.externaltools.gnu-tools-for-stm32.12.3.rel1.win32_1.0.200.202406191623/tools/bin/../lib/gcc/arm-none-eabi/12.3.1/thumb/v7e-m+fp/hard/crtbegin.o
                0x2000006c                        . = ALIGN (0x4)

.bss            0x20000080     0x9188 load address 0x0800b9c0
                0x20000080                        _sbss = .
                0x20000080                        __bss_start__ = _sbss
 *(.bss)
 .bss           0x20000080       0x1c C:/ST/STM32CubeIDE_1.16.0/STM32CubeIDE/plugins/com.st.stm32cube.ide.mcu.externaltools.gnu-tools-for-stm32.12.3.rel1.win32_1.0.200.202406191623/tools/bin/../lib/gcc/arm-none-eabi/12.3.1/thumb/v7e-m+fp/hard/crtbegin.o
 *(.bss*)
 .bss.s_last_edge_ms
                0x2000009c        0x4 ./Core/Src/app_button.o
 .bss.s_edge_seen
                0x200000a0        0x1 ./Core/Src/app_button.o
 *fill*         0x200000a1        0x1 
 .bss.s_event_counter
                0x200000a2        0x2 ./Core/Src/app_button.o
 .bss.s_rx_byte
                0x200000a4        0x1 ./Core/Src/app_cmd_rx.o
 *fill*         0x200000a5        0x3 
 .bss.s_line    0x200000a8       0x41 ./Core/Src/app_cmd_rx.o
 .bss.s_discarding
                0x200000e9        0x1 ./Core/Src/app_cmd_rx.o
 *fill*         0x200000ea        0x2 
 .bss.s_records
                0x200000ec     0x2000 ./Core/Src/app_ring_buffer.o
 .bss.s_total_allocated
                0x200020ec        0x4 ./Core/Src/app_ring_buffer.o
 .bss.s_counters
                0x200020f0       0x2c ./Core/Src/app_ring_buffer.o
 .bss.ButtonQueueHandle
                0x2000211c        0x4 ./Core/Src/app_rtos.o
                0x2000211c                ButtonQueueHandle
 .bss.TxQueueHandle
                0x20002120        0x4 ./Core/Src/app_rtos.o
                0x20002120                TxQueueHandle
 .bss.CmdQueueHandle
                0x20002124        0x4 ./Core/Src/app_rtos.o
                0x20002124                CmdQueueHandle
 .bss.TxDoneSemHandle
                0x20002128        0x4 ./Core/Src/app_rtos.o
                0x20002128                TxDoneSemHandle
 .bss.RunFlagsHandle
                0x2000212c        0x4 ./Core/Src/app_rtos.o
                0x2000212c                RunFlagsHandle
 .bss.g_running
                0x20002130        0x1 ./Core/Src/app_rtos.o
                0x20002130                g_running
 *fill*         0x20002131        0x3 
 .bss.g_run_start_ms
                0x20002134        0x4 ./Core/Src/app_rtos.o
                0x20002134                g_run_start_ms
 .bss.g_dwt_ok  0x20002138        0x1 ./Core/Src/app_rtos.o
                0x20002138                g_dwt_ok
 *fill*         0x20002139        0x3 
 .bss.g_tx_done_cycles
                0x2000213c        0x4 ./Core/Src/app_rtos.o
                0x2000213c                g_tx_done_cycles
 .bss.g_tx_dma_error
                0x20002140        0x1 ./Core/Src/app_rtos.o
                0x20002140                g_tx_dma_error
 .bss.initialized.0
                0x20002141        0x1 ./Core/Src/app_rtos.o
 *fill*         0x20002142       0x1e 
 .bss.s_tx_buffer
                0x20002160       0x40 ./Core/Src/app_tasks.o
 .bss.huart1    0x200021a0       0x88 ./Core/Src/main.o
                0x200021a0                huart1
 .bss.hdma_usart1_tx
                0x20002228       0x60 ./Core/Src/main.o
                0x20002228                hdma_usart1_tx
 .bss.defaultTaskHandle
                0x20002288        0x4 ./Core/Src/main.o
                0x20002288                defaultTaskHandle
 .bss.htim6     0x2000228c       0x4c ./Core/Src/stm32f7xx_hal_timebase_tim.o
                0x2000228c                htim6
 .bss.__sbrk_heap_end
                0x200022d8        0x4 ./Core/Src/sysmem.o
 .bss.uwTick    0x200022dc        0x4 ./Drivers/STM32F7xx_HAL_Driver/Src/stm32f7xx_hal.o
                0x200022dc                uwTick
 .bss.KernelState
                0x200022e0        0x4 ./Middlewares/Third_Party/FreeRTOS/Source/CMSIS_RTOS_V2/cmsis_os2.o
 .bss.Idle_TCB  0x200022e4       0xa8 ./Middlewares/Third_Party/FreeRTOS/Source/CMSIS_RTOS_V2/cmsis_os2.o
 .bss.Idle_Stack
                0x2000238c      0x200 ./Middlewares/Third_Party/FreeRTOS/Source/CMSIS_RTOS_V2/cmsis_os2.o
 .bss.Timer_TCB
                0x2000258c       0xa8 ./Middlewares/Third_Party/FreeRTOS/Source/CMSIS_RTOS_V2/cmsis_os2.o
 .bss.Timer_Stack
                0x20002634      0x400 ./Middlewares/Third_Party/FreeRTOS/Source/CMSIS_RTOS_V2/cmsis_os2.o
 .bss.xQueueRegistry
                0x20002a34       0x40 ./Middlewares/Third_Party/FreeRTOS/Source/queue.o
                0x20002a34                xQueueRegistry
 .bss.pxCurrentTCB
                0x20002a74        0x4 ./Middlewares/Third_Party/FreeRTOS/Source/tasks.o
                0x20002a74                pxCurrentTCB
 .bss.pxReadyTasksLists
                0x20002a78      0x460 ./Middlewares/Third_Party/FreeRTOS/Source/tasks.o
 .bss.xDelayedTaskList1
                0x20002ed8       0x14 ./Middlewares/Third_Party/FreeRTOS/Source/tasks.o
 .bss.xDelayedTaskList2
                0x20002eec       0x14 ./Middlewares/Third_Party/FreeRTOS/Source/tasks.o
 .bss.pxDelayedTaskList
                0x20002f00        0x4 ./Middlewares/Third_Party/FreeRTOS/Source/tasks.o
 .bss.pxOverflowDelayedTaskList
                0x20002f04        0x4 ./Middlewares/Third_Party/FreeRTOS/Source/tasks.o
 .bss.xPendingReadyList
                0x20002f08       0x14 ./Middlewares/Third_Party/FreeRTOS/Source/tasks.o
 .bss.xTasksWaitingTermination
                0x20002f1c       0x14 ./Middlewares/Third_Party/FreeRTOS/Source/tasks.o
 .bss.uxDeletedTasksWaitingCleanUp
                0x20002f30        0x4 ./Middlewares/Third_Party/FreeRTOS/Source/tasks.o
 .bss.xSuspendedTaskList
                0x20002f34       0x14 ./Middlewares/Third_Party/FreeRTOS/Source/tasks.o
 .bss.uxCurrentNumberOfTasks
                0x20002f48        0x4 ./Middlewares/Third_Party/FreeRTOS/Source/tasks.o
 .bss.xTickCount
                0x20002f4c        0x4 ./Middlewares/Third_Party/FreeRTOS/Source/tasks.o
 .bss.uxTopReadyPriority
                0x20002f50        0x4 ./Middlewares/Third_Party/FreeRTOS/Source/tasks.o
 .bss.xSchedulerRunning
                0x20002f54        0x4 ./Middlewares/Third_Party/FreeRTOS/Source/tasks.o
 .bss.uxPendedTicks
                0x20002f58        0x4 ./Middlewares/Third_Party/FreeRTOS/Source/tasks.o
 .bss.xYieldPending
                0x20002f5c        0x4 ./Middlewares/Third_Party/FreeRTOS/Source/tasks.o
 .bss.xNumOfOverflows
                0x20002f60        0x4 ./Middlewares/Third_Party/FreeRTOS/Source/tasks.o
 .bss.uxTaskNumber
                0x20002f64        0x4 ./Middlewares/Third_Party/FreeRTOS/Source/tasks.o
 .bss.xNextTaskUnblockTime
                0x20002f68        0x4 ./Middlewares/Third_Party/FreeRTOS/Source/tasks.o
 .bss.xIdleTaskHandle
                0x20002f6c        0x4 ./Middlewares/Third_Party/FreeRTOS/Source/tasks.o
 .bss.uxSchedulerSuspended
                0x20002f70        0x4 ./Middlewares/Third_Party/FreeRTOS/Source/tasks.o
 .bss.xActiveTimerList1
                0x20002f74       0x14 ./Middlewares/Third_Party/FreeRTOS/Source/timers.o
 .bss.xActiveTimerList2
                0x20002f88       0x14 ./Middlewares/Third_Party/FreeRTOS/Source/timers.o
 .bss.pxCurrentTimerList
                0x20002f9c        0x4 ./Middlewares/Third_Party/FreeRTOS/Source/timers.o
 .bss.pxOverflowTimerList
                0x20002fa0        0x4 ./Middlewares/Third_Party/FreeRTOS/Source/timers.o
 .bss.xTimerQueue
                0x20002fa4        0x4 ./Middlewares/Third_Party/FreeRTOS/Source/timers.o
 .bss.xTimerTaskHandle
                0x20002fa8        0x4 ./Middlewares/Third_Party/FreeRTOS/Source/timers.o
 .bss.xLastTime.2
                0x20002fac        0x4 ./Middlewares/Third_Party/FreeRTOS/Source/timers.o
 .bss.ucStaticTimerQueueStorage.1
                0x20002fb0       0xa0 ./Middlewares/Third_Party/FreeRTOS/Source/timers.o
 .bss.xStaticTimerQueue.0
                0x20003050       0x50 ./Middlewares/Third_Party/FreeRTOS/Source/timers.o
 .bss.ucMaxSysCallPriority
                0x200030a0        0x1 ./Middlewares/Third_Party/FreeRTOS/Source/portable/GCC/ARM_CM7/r0p1/port.o
 *fill*         0x200030a1        0x3 
 .bss.ulMaxPRIGROUPValue
                0x200030a4        0x4 ./Middlewares/Third_Party/FreeRTOS/Source/portable/GCC/ARM_CM7/r0p1/port.o
 .bss.ucHeap    0x200030a8     0x6000 ./Middlewares/Third_Party/FreeRTOS/Source/portable/MemMang/heap_4.o
 .bss.xStart    0x200090a8        0x8 ./Middlewares/Third_Party/FreeRTOS/Source/portable/MemMang/heap_4.o
 .bss.pxEnd     0x200090b0        0x4 ./Middlewares/Third_Party/FreeRTOS/Source/portable/MemMang/heap_4.o
 .bss.xFreeBytesRemaining
                0x200090b4        0x4 ./Middlewares/Third_Party/FreeRTOS/Source/portable/MemMang/heap_4.o
 .bss.xMinimumEverFreeBytesRemaining
                0x200090b8        0x4 ./Middlewares/Third_Party/FreeRTOS/Source/portable/MemMang/heap_4.o
 .bss.xBlockAllocatedBit
                0x200090bc        0x4 ./Middlewares/Third_Party/FreeRTOS/Source/portable/MemMang/heap_4.o
 .bss.__sf      0x200090c0      0x138 C:/ST/STM32CubeIDE_1.16.0/STM32CubeIDE/plugins/com.st.stm32cube.ide.mcu.externaltools.gnu-tools-for-stm32.12.3.rel1.win32_1.0.200.202406191623/tools/bin/../lib/gcc/arm-none-eabi/12.3.1/../../../../arm-none-eabi/lib/thumb/v7e-m+fp/hard\libc_nano.a(libc_a-findfp.o)
                0x200090c0                __sf
 .bss.errno     0x200091f8        0x4 C:/ST/STM32CubeIDE_1.16.0/STM32CubeIDE/plugins/com.st.stm32cube.ide.mcu.externaltools.gnu-tools-for-stm32.12.3.rel1.win32_1.0.200.202406191623/tools/bin/../lib/gcc/arm-none-eabi/12.3.1/../../../../arm-none-eabi/lib/thumb/v7e-m+fp/hard\libc_nano.a(libc_a-reent.o)
                0x200091f8                errno
 .bss.__lock___malloc_recursive_mutex
                0x200091fc        0x1 C:/ST/STM32CubeIDE_1.16.0/STM32CubeIDE/plugins/com.st.stm32cube.ide.mcu.externaltools.gnu-tools-for-stm32.12.3.rel1.win32_1.0.200.202406191623/tools/bin/../lib/gcc/arm-none-eabi/12.3.1/../../../../arm-none-eabi/lib/thumb/v7e-m+fp/hard\libc_nano.a(libc_a-lock.o)
                0x200091fc                __lock___malloc_recursive_mutex
 *fill*         0x200091fd        0x3 
 .bss.__malloc_sbrk_start
                0x20009200        0x4 C:/ST/STM32CubeIDE_1.16.0/STM32CubeIDE/plugins/com.st.stm32cube.ide.mcu.externaltools.gnu-tools-for-stm32.12.3.rel1.win32_1.0.200.202406191623/tools/bin/../lib/gcc/arm-none-eabi/12.3.1/../../../../arm-none-eabi/lib/thumb/v7e-m+fp/hard\libc_nano.a(libc_a-mallocr.o)
                0x20009200                __malloc_sbrk_start
 .bss.__malloc_free_list
                0x20009204        0x4 C:/ST/STM32CubeIDE_1.16.0/STM32CubeIDE/plugins/com.st.stm32cube.ide.mcu.externaltools.gnu-tools-for-stm32.12.3.rel1.win32_1.0.200.202406191623/tools/bin/../lib/gcc/arm-none-eabi/12.3.1/../../../../arm-none-eabi/lib/thumb/v7e-m+fp/hard\libc_nano.a(libc_a-mallocr.o)
                0x20009204                __malloc_free_list
 *(COMMON)
                0x20009208                        . = ALIGN (0x4)
                0x20009208                        _ebss = .
                0x20009208                        __bss_end__ = _ebss

._user_heap_stack
                0x20009208      0x600 load address 0x0800b9c0
                0x20009208                        . = ALIGN (0x8)
                [!provide]                        PROVIDE (end = .)
                0x20009208                        PROVIDE (_end = .)
                0x20009408                        . = (. + _Min_Heap_Size)
 *fill*         0x20009208      0x200 
                0x20009808                        . = (. + _Min_Stack_Size)
 *fill*         0x20009408      0x400 
                0x20009808                        . = ALIGN (0x8)

/DISCARD/
 libc.a(*)
 libm.a(*)
 libgcc.a(*)

.ARM.attributes
                0x00000000       0x30
 *(.ARM.attributes)
 .ARM.attributes
                0x00000000       0x22 C:/ST/STM32CubeIDE_1.16.0/STM32CubeIDE/plugins/com.st.stm32cube.ide.mcu.externaltools.gnu-tools-for-stm32.12.3.rel1.win32_1.0.200.202406191623/tools/bin/../lib/gcc/arm-none-eabi/12.3.1/thumb/v7e-m+fp/hard/crti.o
 .ARM.attributes
                0x00000022       0x34 C:/ST/STM32CubeIDE_1.16.0/STM32CubeIDE/plugins/com.st.stm32cube.ide.mcu.externaltools.gnu-tools-for-stm32.12.3.rel1.win32_1.0.200.202406191623/tools/bin/../lib/gcc/arm-none-eabi/12.3.1/thumb/v7e-m+fp/hard/crtbegin.o
 .ARM.attributes
                0x00000056       0x34 ./Core/Src/app_button.o
 .ARM.attributes
                0x0000008a       0x34 ./Core/Src/app_cmd_rx.o
 .ARM.attributes
                0x000000be       0x34 ./Core/Src/app_hal_callbacks.o
 .ARM.attributes
                0x000000f2       0x34 ./Core/Src/app_protocol.o
 .ARM.attributes
                0x00000126       0x34 ./Core/Src/app_ring_buffer.o
 .ARM.attributes
                0x0000015a       0x34 ./Core/Src/app_rtos.o
 .ARM.attributes
                0x0000018e       0x34 ./Core/Src/app_tasks.o
 .ARM.attributes
                0x000001c2       0x34 ./Core/Src/app_timestamp.o
 .ARM.attributes
                0x000001f6       0x34 ./Core/Src/freertos.o
 .ARM.attributes
                0x0000022a       0x34 ./Core/Src/main.o
 .ARM.attributes
                0x0000025e       0x34 ./Core/Src/stm32f7xx_hal_msp.o
 .ARM.attributes
                0x00000292       0x34 ./Core/Src/stm32f7xx_hal_timebase_tim.o
 .ARM.attributes
                0x000002c6       0x34 ./Core/Src/stm32f7xx_it.o
 .ARM.attributes
                0x000002fa       0x34 ./Core/Src/sysmem.o
 .ARM.attributes
                0x0000032e       0x34 ./Core/Src/system_stm32f7xx.o
 .ARM.attributes
                0x00000362       0x21 ./Core/Startup/startup_stm32f746nghx.o
 .ARM.attributes
                0x00000383       0x34 ./Drivers/STM32F7xx_HAL_Driver/Src/stm32f7xx_hal.o
 .ARM.attributes
                0x000003b7       0x34 ./Drivers/STM32F7xx_HAL_Driver/Src/stm32f7xx_hal_cortex.o
 .ARM.attributes
                0x000003eb       0x34 ./Drivers/STM32F7xx_HAL_Driver/Src/stm32f7xx_hal_dma.o
 .ARM.attributes
                0x0000041f       0x34 ./Drivers/STM32F7xx_HAL_Driver/Src/stm32f7xx_hal_gpio.o
 .ARM.attributes
                0x00000453       0x34 ./Drivers/STM32F7xx_HAL_Driver/Src/stm32f7xx_hal_pwr.o
 .ARM.attributes
                0x00000487       0x34 ./Drivers/STM32F7xx_HAL_Driver/Src/stm32f7xx_hal_pwr_ex.o
 .ARM.attributes
                0x000004bb       0x34 ./Drivers/STM32F7xx_HAL_Driver/Src/stm32f7xx_hal_rcc.o
 .ARM.attributes
                0x000004ef       0x34 ./Drivers/STM32F7xx_HAL_Driver/Src/stm32f7xx_hal_rcc_ex.o
 .ARM.attributes
                0x00000523       0x34 ./Drivers/STM32F7xx_HAL_Driver/Src/stm32f7xx_hal_tim.o
 .ARM.attributes
                0x00000557       0x34 ./Drivers/STM32F7xx_HAL_Driver/Src/stm32f7xx_hal_tim_ex.o
 .ARM.attributes
                0x0000058b       0x34 ./Drivers/STM32F7xx_HAL_Driver/Src/stm32f7xx_hal_uart.o
 .ARM.attributes
                0x000005bf       0x34 ./Middlewares/Third_Party/FreeRTOS/Source/CMSIS_RTOS_V2/cmsis_os2.o
 .ARM.attributes
                0x000005f3       0x34 ./Middlewares/Third_Party/FreeRTOS/Source/event_groups.o
 .ARM.attributes
                0x00000627       0x34 ./Middlewares/Third_Party/FreeRTOS/Source/list.o
 .ARM.attributes
                0x0000065b       0x34 ./Middlewares/Third_Party/FreeRTOS/Source/queue.o
 .ARM.attributes
                0x0000068f       0x34 ./Middlewares/Third_Party/FreeRTOS/Source/tasks.o
 .ARM.attributes
                0x000006c3       0x34 ./Middlewares/Third_Party/FreeRTOS/Source/timers.o
 .ARM.attributes
                0x000006f7       0x34 ./Middlewares/Third_Party/FreeRTOS/Source/portable/GCC/ARM_CM7/r0p1/port.o
 .ARM.attributes
                0x0000072b       0x34 ./Middlewares/Third_Party/FreeRTOS/Source/portable/MemMang/heap_4.o
 .ARM.attributes
                0x0000075f       0x34 C:/ST/STM32CubeIDE_1.16.0/STM32CubeIDE/plugins/com.st.stm32cube.ide.mcu.externaltools.gnu-tools-for-stm32.12.3.rel1.win32_1.0.200.202406191623/tools/bin/../lib/gcc/arm-none-eabi/12.3.1/../../../../arm-none-eabi/lib/thumb/v7e-m+fp/hard\libc_nano.a(libc_a-findfp.o)
 .ARM.attributes
                0x00000793       0x34 C:/ST/STM32CubeIDE_1.16.0/STM32CubeIDE/plugins/com.st.stm32cube.ide.mcu.externaltools.gnu-tools-for-stm32.12.3.rel1.win32_1.0.200.202406191623/tools/bin/../lib/gcc/arm-none-eabi/12.3.1/../../../../arm-none-eabi/lib/thumb/v7e-m+fp/hard\libc_nano.a(libc_a-snprintf.o)
 .ARM.attributes
                0x000007c7       0x34 C:/ST/STM32CubeIDE_1.16.0/STM32CubeIDE/plugins/com.st.stm32cube.ide.mcu.externaltools.gnu-tools-for-stm32.12.3.rel1.win32_1.0.200.202406191623/tools/bin/../lib/gcc/arm-none-eabi/12.3.1/../../../../arm-none-eabi/lib/thumb/v7e-m+fp/hard\libc_nano.a(libc_a-memset.o)
 .ARM.attributes